Component: ARM Compiler 5.06 update 7 (build 960) Tool: armlink [4d3601]

==============================================================================

Section Cross References

    startup_lpc17xx.o(STACK) refers (Special) to heapauxi.o(.text) for __use_two_region_memory
    startup_lpc17xx.o(HEAP) refers (Special) to heapauxi.o(.text) for __use_two_region_memory
    startup_lpc17xx.o(RESET) refers (Special) to heapauxi.o(.text) for __use_two_region_memory
    startup_lpc17xx.o(RESET) refers to startup_lpc17xx.o(STACK) for __initial_sp
    startup_lpc17xx.o(RESET) refers to startup_lpc17xx.o(.text) for Reset_Handler
    startup_lpc17xx.o(RESET) refers to irq_timer.o(.text) for TIMER0_IRQHandler
    startup_lpc17xx.o(RESET) refers to irq_rit.o(.text) for RIT_IRQHandler
    startup_lpc17xx.o(.ARM.__at_0x02FC) refers (Special) to heapauxi.o(.text) for __use_two_region_memory
    startup_lpc17xx.o(.text) refers (Special) to heapauxi.o(.text) for __use_two_region_memory
    startup_lpc17xx.o(.text) refers to __main.o(!!!main) for __main
    startup_lpc17xx.o(.text) refers to startup_lpc17xx.o(HEAP) for Heap_Mem
    startup_lpc17xx.o(.text) refers to startup_lpc17xx.o(STACK) for Stack_Mem
    sample.o(.text) refers to tamagotchi.o(.text) for session_play
    sample.o(.text) refers to user_events.o(.text) for user_events_init
    sample.o(.text) refers to system_lpc17xx.o(.text) for SystemInit
    sample.o(.text) refers to rt_memcpy_w.o(.text) for __aeabi_memcpy4
    sample.o(.text) refers to tamagotchi_animations.o(.text) for clear_tamagotchi_window
    sample.o(.text) refers to sample.o(.bss) for session
    system_lpc17xx.o(.text) refers to system_lpc17xx.o(.data) for SystemFrequency
    irq_timer.o(.text) refers to sample.o(.text) for do_tamagotchi_update
    asciilib.o(.text) refers to rt_memcpy_v6.o(.text) for __aeabi_memcpy
    asciilib.o(.text) refers to asciilib.o(.constdata) for AsciiLib
    glcd.o(.text) refers to glcd.o(.data) for LCD_Code
    glcd.o(.text) refers to asciilib.o(.text) for GetASCIICode
    hzlib.o(.text) refers to rt_memcpy_v6.o(.text) for __aeabi_memcpy
    hzlib.o(.text) refers to hzlib.o(.constdata) for HzLib
    touchpanel.o(.text) refers to glcd.o(.text) for LCD_SetPoint
    touchpanel.o(.text) refers to rt_memclr_w.o(.text) for __aeabi_memclr4
    touchpanel.o(.text) refers to dflt_clz.o(x$fpl$dflt) for __aeabi_i2d
    touchpanel.o(.text) refers to deqf.o(x$fpl$deqf) for __aeabi_cdcmpeq
    touchpanel.o(.text) refers to dflt_clz.o(x$fpl$dfltu) for __aeabi_ui2d
    touchpanel.o(.text) refers to dmul.o(x$fpl$dmul) for __aeabi_dmul
    touchpanel.o(.text) refers to daddsub_clz.o(x$fpl$dadd) for __aeabi_dadd
    touchpanel.o(.text) refers to ddiv.o(x$fpl$ddiv) for __aeabi_ddiv
    touchpanel.o(.text) refers to dfixu.o(x$fpl$dfixu) for __aeabi_d2uiz
    touchpanel.o(.text) refers to touchpanel.o(.data) for screen
    touchpanel.o(.text) refers to touchpanel.o(.bss) for ScreenSample
    tamagotchi.o(.text) refers to _printf_pad.o(.text) for _printf_pre_padding
    tamagotchi.o(.text) refers to _printf_percent.o(.ARM.Collect$$_printf_percent$$00000000) for _printf_percent
    tamagotchi.o(.text) refers to _printf_d.o(.ARM.Collect$$_printf_percent$$00000009) for _printf_d
    tamagotchi.o(.text) refers to _printf_dec.o(.text) for _printf_int_dec
    tamagotchi.o(.text) refers to rt_memcpy_w.o(.text) for __aeabi_memcpy4
    tamagotchi.o(.text) refers to glcd.o(.text) for LCD_DrawRectangle
    tamagotchi.o(.text) refers to noretval__2sprintf.o(.text) for __2sprintf
    tamagotchi.o(.text) refers to lib_timer.o(.text) for init_timer
    tamagotchi.o(.text) refers to tamagotchi_animations.o(.text) for display_map_default_init
    tamagotchi.o(.text) refers to user_events.o(.text) for joystick_enable
    tamagotchi.o(.text) refers to fflt_clz.o(x$fpl$fflt) for __aeabi_i2f
    tamagotchi.o(.text) refers to fdiv.o(x$fpl$fdiv) for __aeabi_fdiv
    tamagotchi.o(.text) refers to fmul.o(x$fpl$fmul) for __aeabi_fmul
    tamagotchi.o(.text) refers to tamagotchi_animations.o(.data) for color_matrix_left
    tamagotchi.o(.text) refers to f2d.o(x$fpl$f2d) for __aeabi_f2d
    tamagotchi.o(.text) refers to round.o(i.round) for round
    tamagotchi.o(.text) refers to dfix.o(x$fpl$dfix) for __aeabi_d2iz
    user_events.o(.text) refers to lib_rit.o(.text) for enable_RIT
    user_events.o(.text) refers to touchpanel.o(.text) for TP_Init
    user_events.o(.text) refers to rt_memcpy_w.o(.text) for __aeabi_memcpy4
    tamagotchi_animations.o(.text) refers to glcd.o(.text) for LCD_SetPoint
    tamagotchi_animations.o(.text) refers to rt_memcpy_w.o(.text) for __aeabi_memcpy4
    tamagotchi_animations.o(.text) refers to tamagotchi_animations.o(.constdata) for frame1
    irq_rit.o(.text) refers to sample.o(.text) for do_user_events_interrupt
    __2sprintf.o(.text) refers to _printf_char_common.o(.text) for _printf_char_common
    __2sprintf.o(.text) refers to _sputc.o(.text) for _sputc
[...]
    _printf_char_common.o(.text) refers to __printf_flags_wp.o(.text) for __printf
    dcmpi.o(x$fpl$dcmpinf) refers (Special) to usenofp.o(x$fpl$usenofp) for __I$use$fp
    dleqf.o(x$fpl$dleqf) refers (Special) to usenofp.o(x$fpl$usenofp) for __I$use$fp
    dleqf.o(x$fpl$dleqf) refers to dnaninf.o(x$fpl$dnaninf) for __fpl_dnaninf
    dleqf.o(x$fpl$dleqf) refers to dcmpi.o(x$fpl$dcmpinf) for __fpl_dcmp_Inf
    dnaninf.o(x$fpl$dnaninf) refers (Special) to usenofp.o(x$fpl$usenofp) for __I$use$fp
    dretinf.o(x$fpl$dretinf) refers (Special) to usenofp.o(x$fpl$usenofp) for __I$use$fp
    drleqf.o(x$fpl$drleqf) refers (Special) to usenofp.o(x$fpl$usenofp) for __I$use$fp
    drleqf.o(x$fpl$drleqf) refers to dleqf.o(x$fpl$dleqf) for __fpl_dcmple_InfNaN
    drnd.o(x$fpl$drnd) refers (Special) to usenofp.o(x$fpl$usenofp) for __I$use$fp
    drnd.o(x$fpl$drnd) refers to dnaninf.o(x$fpl$dnaninf) for __fpl_dnaninf
    fnaninf.o(x$fpl$fnaninf) refers (Special) to usenofp.o(x$fpl$usenofp) for __I$use$fp
    fretinf.o(x$fpl$fretinf) refers (Special) to usenofp.o(x$fpl$usenofp) for __I$use$fp
    __rtentry2.o(.ARM.Collect$$rtentry$$00000008) refers to boardinit2.o(.text) for _platform_post_stackheap_init
    __rtentry2.o(.ARM.Collect$$rtentry$$0000000A) refers to libinit.o(.ARM.Collect$$libinit$$00000000) for __rt_lib_init
    __rtentry2.o(.ARM.Collect$$rtentry$$0000000B) refers to boardinit3.o(.text) for _platform_post_lib_init
    __rtentry2.o(.ARM.Collect$$rtentry$$0000000D) refers to sample.o(.text) for main
    __rtentry2.o(.ARM.Collect$$rtentry$$0000000D) refers to exit.o(.text) for exit
    __rtentry2.o(.ARM.exidx) refers to __rtentry2.o(.ARM.Collect$$rtentry$$00000001) for .ARM.Collect$$rtentry$$00000001
    __rtentry2.o(.ARM.exidx) refers to __rtentry2.o(.ARM.Collect$$rtentry$$00000008) for .ARM.Collect$$rtentry$$00000008
    __rtentry2.o(.ARM.exidx) refers to __rtentry2.o(.ARM.Collect$$rtentry$$0000000A) for .ARM.Collect$$rtentry$$0000000A
    __rtentry2.o(.ARM.exidx) refers to __rtentry2.o(.ARM.Collect$$rtentry$$0000000B) for .ARM.Collect$$rtentry$$0000000B
    __rtentry2.o(.ARM.exidx) refers to __rtentry2.o(.ARM.Collect$$rtentry$$0000000D) for .ARM.Collect$$rtentry$$0000000D
    __rtentry4.o(.ARM.Collect$$rtentry$$00000004) refers to sys_stackheap_outer.o(.text) for __user_setup_stackheap
    __rtentry4.o(.ARM.exidx) refers to __rtentry4.o(.ARM.Collect$$rtentry$$00000004) for .ARM.Collect$$rtentry$$00000004
    sys_stackheap_outer.o(.text) refers to libspace.o(.text) for __user_perproc_libspace
    sys_stackheap_outer.o(.text) refers to startup_lpc17xx.o(.text) for __user_initial_stackheap
    exit.o(.text) refers to rtexit.o(.ARM.Collect$$rtexit$$00000000) for __rt_exit
    libinit.o(.ARM.Collect$$libinit$$00000000) refers (Special) to libinit2.o(.ARM.Collect$$libinit$$0000002E) for __rt_lib_init_alloca_1
    libinit.o(.ARM.Collect$$libinit$$00000000) refers (Special) to libinit2.o(.ARM.Collect$$libinit$$0000002C) for __rt_lib_init_argv_1
    libinit.o(.ARM.Collect$$libinit$$00000000) refers (Special) to libinit2.o(.ARM.Collect$$libinit$$0000001B) for __rt_lib_init_atexit_1
    libinit.o(.ARM.Collect$$libinit$$00000000) refers (Special) to libinit2.o(.ARM.Collect$$libinit$$00000021) for __rt_lib_init_clock_1
    libinit.o(.ARM.Collect$$libinit$$00000000) refers (Special) to libinit2.o(.ARM.Collect$$libinit$$00000032) for __rt_lib_init_cpp_1
    libinit.o(.ARM.Collect$$libinit$$00000000) refers (Special) to libinit2.o(.ARM.Collect$$libinit$$00000030) for __rt_lib_init_exceptions_1
    libinit.o(.ARM.Collect$$libinit$$00000000) refers (Special) to libinit2.o(.ARM.Collect$$libinit$$00000002) for __rt_lib_init_fp_1
    libinit.o(.ARM.Collect$$libinit$$00000000) refers (Special) to libinit2.o(.ARM.Collect$$libinit$$0000001F) for __rt_lib_init_fp_trap_1
    libinit.o(.ARM.Collect$$libinit$$00000000) refers (Special) to libinit2.o(.ARM.Collect$$libinit$$00000023) for __rt_lib_init_getenv_1
    libinit.o(.ARM.Collect$$libinit$$00000000) refers (Special) to libinit2.o(.ARM.Collect$$libinit$$0000000A) for __rt_lib_init_heap_1
    libinit.o(.ARM.Collect$$libinit$$00000000) refers (Special) to libinit2.o(.ARM.Collect$$libinit$$00000011) for __rt_lib_init_lc_collate_1
    libinit.o(.ARM.Collect$$libinit$$00000000) refers (Special) to libinit2.o(.ARM.Collect$$libinit$$00000013) for __rt_lib_init_lc_ctype_1
    libinit.o(.ARM.Collect$$libinit$$00000000) refers (Special) to libinit2.o(.ARM.Collect$$libinit$$00000015) for __rt_lib_init_lc_monetary_1
    libinit.o(.ARM.Collect$$libinit$$00000000) refers (Special) to libinit2.o(.ARM.Collect$$libinit$$00000017) for __rt_lib_init_lc_numeric_1
    libinit.o(.ARM.Collect$$libinit$$00000000) refers (Special) to libinit2.o(.ARM.Collect$$libinit$$00000019) for __rt_lib_init_lc_time_1
    libinit.o(.ARM.Collect$$libinit$$00000000) refers (Special) to libinit2.o(.ARM.Collect$$libinit$$00000004) for __rt_lib_init_preinit_1
    libinit.o(.ARM.Collect$$libinit$$00000000) refers (Special) to libinit2.o(.ARM.Collect$$libinit$$0000000E) for __rt_lib_init_rand_1
    libinit.o(.ARM.Collect$$libinit$$00000000) refers (Special) to libinit2.o(.ARM.Collect$$libinit$$00000033) for __rt_lib_init_return
    libinit.o(.ARM.Collect$$libinit$$00000000) refers (Special) to libinit2.o(.ARM.Collect$$libinit$$0000001D) for __rt_lib_init_signal_1
    libinit.o(.ARM.Collect$$libinit$$00000000) refers (Special) to libinit2.o(.ARM.Collect$$libinit$$00000025) for __rt_lib_init_stdio_1
    libinit.o(.ARM.Collect$$libinit$$00000000) refers (Special) to libinit2.o(.ARM.Collect$$libinit$$0000000C) for __rt_lib_init_user_alloc_1
    libspace.o(.text) refers to libspace.o(.bss) for __libspace_start
    rtexit.o(.ARM.Collect$$rtexit$$00000000) refers (Special) to rtexit2.o(.ARM.Collect$$rtexit$$00000004) for __rt_exit_exit
    rtexit.o(.ARM.Collect$$rtexit$$00000000) refers (Special) to rtexit2.o(.ARM.Collect$$rtexit$$00000003) for __rt_exit_ls
    rtexit.o(.ARM.Collect$$rtexit$$00000000) refers (Special) to rtexit2.o(.ARM.Collect$$rtexit$$00000002) for __rt_exit_prels_1
    rtexit.o(.ARM.exidx) refers (Special) to rtexit2.o(.ARM.Collect$$rtexit$$00000004) for __rt_exit_exit
    rtexit.o(.ARM.exidx) refers (Special) to rtexit2.o(.ARM.Collect$$rtexit$$00000003) for __rt_exit_ls
    rtexit.o(.ARM.exidx) refers (Special) to rtexit2.o(.ARM.Collect$$rtexit$$00000002) for __rt_exit_prels_1
    rtexit.o(.ARM.exidx) refers to rtexit.o(.ARM.Collect$$rtexit$$00000000) for .ARM.Collect$$rtexit$$00000000
    libinit2.o(.ARM.Collect$$libinit$$00000010) refers to libinit2.o(.ARM.Collect$$libinit$$0000000F) for .ARM.Collect$$libinit$$0000000F
    libinit2.o(.ARM.Collect$$libinit$$00000012) refers to libinit2.o(.ARM.Collect$$libinit$$0000000F) for .ARM.Collect$$libinit$$0000000F
    libinit2.o(.ARM.Collect$$libinit$$00000014) refers to libinit2.o(.ARM.Collect$$libinit$$0000000F) for .ARM.Collect$$libinit$$0000000F
    libinit2.o(.ARM.Collect$$libinit$$00000016) refers to libinit2.o(.ARM.Collect$$libinit$$0000000F) for .ARM.Collect$$libinit$$0000000F
    libinit2.o(.ARM.Collect$$libinit$$00000018) refers to libinit2.o(.ARM.Collect$$libinit$$0000000F) for .ARM.Collect$$libinit$$0000000F
    libinit2.o(.ARM.Collect$$libinit$$00000026) refers to argv_veneer.o(.emb_text) for __ARM_argv_veneer
    libinit2.o(.ARM.Collect$$libinit$$00000027) refers to argv_veneer.o(.emb_text) for __ARM_argv_veneer
    rtexit2.o(.ARM.Collect$$rtexit$$00000003) refers to libshutdown.o(.ARM.Collect$$libshutdown$$00000000) for __rt_lib_shutdown
    rtexit2.o(.ARM.Collect$$rtexit$$00000004) refers to sys_exit.o(.text) for _sys_exit
    rtexit2.o(.ARM.exidx) refers to rtexit2.o(.ARM.Collect$$rtexit$$00000001) for .ARM.Collect$$rtexit$$00000001
    rtexit2.o(.ARM.exidx) refers to rtexit2.o(.ARM.Collect$$rtexit$$00000003) for .ARM.Collect$$rtexit$$00000003
    rtexit2.o(.ARM.exidx) refers to rtexit2.o(.ARM.Collect$$rtexit$$00000004) for .ARM.Collect$$rtexit$$00000004
    argv_veneer.o(.emb_text) refers to no_argv.o(.text) for __ARM_get_argv
    sys_exit.o(.text) refers (Special) to use_no_semi.o(.text) for __I$use$semihosting
    sys_exit.o(.text) refers (Special) to indicate_semi.o(.text) for __semihosting_library_function
    _get_argv_nomalloc.o(.text) refers (Special) to hrguard.o(.text) for __heap_region$guard
    _get_argv_nomalloc.o(.text) refers to defsig_rtmem_outer.o(.text) for __rt_SIGRTMEM
    _get_argv_nomalloc.o(.text) refers to sys_command.o(.text) for _sys_command_string
    libshutdown.o(.ARM.Collect$$libshutdown$$00000000) refers (Special) to libshutdown2.o(.ARM.Collect$$libshutdown$$00000004) for __rt_lib_shutdown_cpp_1
    libshutdown.o(.ARM.Collect$$libshutdown$$00000000) refers (Special) to libshutdown2.o(.ARM.Collect$$libshutdown$$00000002) for __rt_lib_shutdown_fini_1
    libshutdown.o(.ARM.Collect$$libshutdown$$00000000) refers (Special) to libshutdown2.o(.ARM.Collect$$libshutdown$$00000009) for __rt_lib_shutdown_fp_trap_1
    libshutdown.o(.ARM.Collect$$libshutdown$$00000000) refers (Special) to libshutdown2.o(.ARM.Collect$$libshutdown$$00000011) for __rt_lib_shutdown_heap_1
    libshutdown.o(.ARM.Collect$$libshutdown$$00000000) refers (Special) to libshutdown2.o(.ARM.Collect$$libshutdown$$00000012) for __rt_lib_shutdown_return
    libshutdown.o(.ARM.Collect$$libshutdown$$00000000) refers (Special) to libshutdown2.o(.ARM.Collect$$libshutdown$$0000000C) for __rt_lib_shutdown_signal_1
    libshutdown.o(.ARM.Collect$$libshutdown$$00000000) refers (Special) to libshutdown2.o(.ARM.Collect$$libshutdown$$00000006) for __rt_lib_shutdown_stdio_1
    libshutdown.o(.ARM.Collect$$libshutdown$$00000000) refers (Special) to libshutdown2.o(.ARM.Collect$$libshutdown$$0000000E) for __rt_lib_shutdown_user_alloc_1
    sys_command.o(.text) refers (Special) to use_no_semi.o(.text) for __I$use$semihosting
    sys_command.o(.text) refers (Special) to indicate_semi.o(.text) for __semihosting_library_function
    defsig_rtmem_outer.o(.text) refers to defsig_rtmem_inner.o(.text) for __rt_SIGRTMEM_inner
    defsig_rtmem_outer.o(.text) refers to defsig_exit.o(.text) for __sig_exit
    defsig_rtmem_formal.o(.text) refers to rt_raise.o(.text) for __rt_raise
    rt_raise.o(.text) refers to __raise.o(.text) for __raise
    rt_raise.o(.text) refers to sys_exit.o(.text) for _sys_exit
    defsig_exit.o(.text) refers to sys_exit.o(.text) for _sys_exit
    defsig_rtmem_inner.o(.text) refers to defsig_general.o(.text) for __default_signal_display
    __raise.o(.text) refers to defsig.o(CL$$defsig) for __default_signal_handler
    defsig_general.o(.text) refers to sys_wrch.o(.text) for _ttywrch
    sys_wrch.o(.text) refers (Special) to use_no_semi.o(.text) for __I$use$semihosting
    sys_wrch.o(.text) refers (Special) to indicate_semi.o(.text) for __semihosting_library_function
    defsig.o(CL$$defsig) refers to defsig_rtmem_inner.o(.text) for __rt_SIGRTMEM_inner
    defsig_abrt_inner.o(.text) refers to defsig_general.o(.text) for __default_signal_display
    defsig_fpe_inner.o(.text) refers to defsig_general.o(.text) for __default_signal_display
    defsig_rtred_inner.o(.text) refers to defsig_general.o(.text) for __default_signal_display
    defsig_stak_inner.o(.text) refers to defsig_general.o(.text) for __default_signal_display
    defsig_pvfn_inner.o(.text) refers to defsig_general.o(.text) for __default_signal_display
    defsig_cppl_inner.o(.text) refers to defsig_general.o(.text) for __default_signal_display
    defsig_segv_inner.o(.text) refers to defsig_general.o(.text) for __default_signal_display
    defsig_other.o(.text) refers to defsig_general.o(.text) for __default_signal_display


==============================================================================

Removing Unused input sections from the image.

    Removing sample.o(.rev16_text), (4 bytes).
    Removing sample.o(.revsh_text), (4 bytes).
    Removing sample.o(.rrx_text), (6 bytes).
    Removing core_cm3.o(.emb_text), (32 bytes).
    Removing system_lpc17xx.o(.rev16_text), (4 bytes).
    Removing system_lpc17xx.o(.revsh_text), (4 bytes).
    Removing system_lpc17xx.o(.rrx_text), (6 bytes).
    Removing irq_timer.o(.rev16_text), (4 bytes).
    Removing irq_timer.o(.revsh_text), (4 bytes).
    Removing irq_timer.o(.rrx_text), (6 bytes).
    Removing lib_timer.o(.rev16_text), (4 bytes).
    Removing lib_timer.o(.revsh_text), (4 bytes).
    Removing lib_timer.o(.rrx_text), (6 bytes).
    Removing glcd.o(.rev16_text), (4 bytes).
    Removing glcd.o(.revsh_text), (4 bytes).
    Removing glcd.o(.rrx_text), (6 bytes).
    Removing hzlib.o(.text), (52 bytes).
    Removing hzlib.o(.constdata), (216576 bytes).
    Removing touchpanel.o(.rev16_text), (4 bytes).
    Removing touchpanel.o(.revsh_text), (4 bytes).
    Removing touchpanel.o(.rrx_text), (6 bytes).
    Removing tamagotchi.o(.rev16_text), (4 bytes).
    Removing tamagotchi.o(.revsh_text), (4 bytes).
    Removing tamagotchi.o(.rrx_text), (6 bytes).
    Removing user_events.o(.rev16_text), (4 bytes).
    Removing user_events.o(.revsh_text), (4 bytes).
    Removing user_events.o(.rrx_text), (6 bytes).
    Removing tamagotchi_animations.o(.rev16_text), (4 bytes).
    Removing tamagotchi_animations.o(.revsh_text), (4 bytes).
    Removing tamagotchi_animations.o(.rrx_text), (6 bytes).
    Removing irq_rit.o(.rev16_text), (4 bytes).
    Removing irq_rit.o(.revsh_text), (4 bytes).
    Removing irq_rit.o(.rrx_text), (6 bytes).
    Removing lib_rit.o(.rev16_text), (4 bytes).
    Removing lib_rit.o(.revsh_text), (4 bytes).
    Removing lib_rit.o(.rrx_text), (6 bytes).

36 unused section(s) (total 216814 bytes) removed from the image.

==============================================================================

Image Symbol Table

    Local Symbols

    Symbol Name                              Value     Ov Type        Size  Object(Section)

    RESET                                    0x00000000   Section      204  startup_lpc17xx.o(RESET)
    ../clib/angel/boardlib.s                 0x00000000   Number         0  boardinit1.o ABSOLUTE
    ../clib/angel/boardlib.s                 0x00000000   Number         0  boardinit2.o ABSOLUTE
    ../clib/angel/boardlib.s                 0x00000000   Number         0  boardinit3.o ABSOLUTE
    ../clib/angel/boardlib.s                 0x00000000   Number         0  boardshut.o ABSOLUTE
    ../clib/angel/dclz77c.s                  0x00000000   Number         0  __dclz77c.o ABSOLUTE
    ../clib/angel/handlers.s                 0x00000000   Number         0  __scatter_zi.o ABSOLUTE
    ../clib/angel/handlers.s                 0x00000000   Number         0  __scatter_copy.o ABSOLUTE
    ../clib/angel/kernel.s                   0x00000000   Number         0  rtexit2.o ABSOLUTE
    ../clib/angel/kernel.s                   0x00000000   Number         0  __rtentry2.o ABSOLUTE
    ../clib/angel/kernel.s                   0x00000000   Number         0  __rtentry.o ABSOLUTE
    ../clib/angel/kernel.s                   0x00000000   Number         0  __rtentry4.o ABSOLUTE
    ../clib/angel/kernel.s                   0x00000000   Number         0  rtexit.o ABSOLUTE
    ../clib/angel/rt.s                       0x00000000   Number         0  rt_raise.o ABSOLUTE
    ../clib/angel/scatter.s                  0x00000000   Number         0  __scatter.o ABSOLUTE
    ../clib/angel/startup.s                  0x00000000   Number         0  __main.o ABSOLUTE
    ../clib/angel/sys.s                      0x00000000   Number         0  sys_stackheap_outer.o ABSOLUTE
    ../clib/angel/sys.s                      0x00000000   Number         0  libspace.o ABSOLUTE
    ../clib/angel/sys.s                      0x00000000   Number         0  indicate_semi.o ABSOLUTE
    ../clib/angel/sys.s                      0x00000000   Number         0  use_no_semi.o ABSOLUTE
    ../clib/angel/sysapp.c                   0x00000000   Number         0  sys_wrch.o ABSOLUTE
    ../clib/angel/sysapp.c                   0x00000000   Number         0  sys_exit.o ABSOLUTE
    ../clib/angel/sysapp.c                   0x00000000   Number         0  sys_command.o ABSOLUTE
    ../clib/armsys.c                         0x00000000   Number         0  _get_argv_nomalloc.o ABSOLUTE
    ../clib/armsys.c                         0x00000000   Number         0  argv_veneer.o ABSOLUTE
    ../clib/armsys.c                         0x00000000   Number         0  argv_veneer.o ABSOLUTE
    ../clib/armsys.c                         0x00000000   Number         0  no_argv.o ABSOLUTE
    ../clib/heapalloc.c                      0x00000000   Number         0  hrguard.o ABSOLUTE
    ../clib/heapaux.c                        0x00000000   Number         0  heapauxi.o ABSOLUTE
    ../clib/libinit.s                        0x00000000   Number         0  libshutdown.o ABSOLUTE
    ../clib/libinit.s                        0x00000000   Number         0  libinit2.o ABSOLUTE
    ../clib/libinit.s                        0x00000000   Number         0  libshutdown2.o ABSOLUTE
    ../clib/libinit.s                        0x00000000   Number         0  libinit.o ABSOLUTE
    ../clib/memcpset.s                       0x00000000   Number         0  rt_memcpy_v6.o ABSOLUTE
    ../clib/memcpset.s                       0x00000000   Number         0  rt_memcpy_w.o ABSOLUTE
    ../clib/memcpset.s                       0x00000000   Number         0  rt_memclr_w.o ABSOLUTE
    ../clib/misc.s                           0x00000000   Number         0  printf_stubs.o ABSOLUTE
    ../clib/printf.c                         0x00000000   Number         0  _printf_dec.o ABSOLUTE
    ../clib/printf.c                         0x00000000   Number         0  __printf_flags.o ABSOLUTE
    ../clib/printf.c                         0x00000000   Number         0  _printf_intcommon.o ABSOLUTE
    ../clib/printf.c                         0x00000000   Number         0  __printf_ss.o ABSOLUTE
    ../clib/printf.c                         0x00000000   Number         0  __printf_flags_ss.o ABSOLUTE
    ../clib/printf.c                         0x00000000   Number         0  __printf_wp.o ABSOLUTE
    ../clib/printf.c                         0x00000000   Number         0  __printf_nopercent.o ABSOLUTE
    ../clib/printf.c                         0x00000000   Number         0  __printf_flags_wp.o ABSOLUTE
    ../clib/printf.c                         0x00000000   Number         0  __printf_ss_wp.o ABSOLUTE
    ../clib/printf.c                         0x00000000   Number         0  __printf_flags_ss_wp.o ABSOLUTE
    ../clib/printf.c                         0x00000000   Number         0  _sputc.o ABSOLUTE
    ../clib/printf.c                         0x00000000   Number         0  _printf_char_common.o ABSOLUTE
    ../clib/printf.c                         0x00000000   Number         0  __2sprintf.o ABSOLUTE
    ../clib/printf.c                         0x00000000   Number         0  noretval__2sprintf.o ABSOLUTE
    ../clib/printf.c                         0x00000000   Number         0  __printf.o ABSOLUTE
    ../clib/printf.c                         0x00000000   Number         0  _printf_pad.o ABSOLUTE
    ../clib/printf_percent.s                 0x00000000   Number         0  _printf_percent_end.o ABSOLUTE
    ../clib/printf_percent.s                 0x00000000   Number         0  _printf_percent.o ABSOLUTE
    ../clib/printf_percent.s                 0x00000000   Number         0  _printf_d.o ABSOLUTE
    ../clib/signal.c                         0x00000000   Number         0  defsig_rtmem_outer.o ABSOLUTE
    ../clib/signal.c                         0x00000000   Number         0  defsig_abrt_inner.o ABSOLUTE
    ../clib/signal.c                         0x00000000   Number         0  defsig_cppl_inner.o ABSOLUTE
    ../clib/signal.c                         0x00000000   Number         0  defsig_segv_inner.o ABSOLUTE
    ../clib/signal.c                         0x00000000   Number         0  defsig_other.o ABSOLUTE
    ../clib/signal.c                         0x00000000   Number         0  defsig_pvfn_inner.o ABSOLUTE
    ../clib/signal.c                         0x00000000   Number         0  __raise.o ABSOLUTE
    ../clib/signal.c                         0x00000000   Number         0  defsig_general.o ABSOLUTE
    ../clib/signal.c                         0x00000000   Number         0  defsig_stak_inner.o ABSOLUTE
    ../clib/signal.c                         0x00000000   Number         0  defsig_rtred_inner.o ABSOLUTE
    ../clib/signal.c                         0x00000000   Number         0  defsig_rtmem_inner.o ABSOLUTE
    ../clib/signal.c                         0x00000000   Number         0  defsig_exit.o ABSOLUTE
    ../clib/signal.c                         0x00000000   Number         0  defsig_fpe_inner.o ABSOLUTE
    ../clib/signal.c                         0x00000000   Number         0  defsig_rtmem_formal.o ABSOLUTE
    ../clib/signal.s                         0x00000000   Number         0  defsig.o ABSOLUTE
    ../clib/stdlib.c                         0x00000000   Number         0  exit.o ABSOLUTE
    ../fplib/daddsub.s                       0x00000000   Number         0  daddsub_clz.o ABSOLUTE
    ../fplib/dcmpi.s                         0x00000000   Number         0  dcmpi.o ABSOLUTE
    ../fplib/ddiv.s                          0x00000000   Number         0  ddiv.o ABSOLUTE
    ../fplib/deqf.s                          0x00000000   Number         0  deqf.o ABSOLUTE
    ../fplib/dfix.s                          0x00000000   Number         0  dfix.o ABSOLUTE
    ../fplib/dfixu.s                         0x00000000   Number         0  dfixu.o ABSOLUTE
    ../fplib/dflt.s                          0x00000000   Number         0  dflt_clz.o ABSOLUTE
    ../fplib/dleqf.s                         0x00000000   Number         0  dleqf.o ABSOLUTE
    ../fplib/dmul.s                          0x00000000   Number         0  dmul.o ABSOLUTE
    ../fplib/dnaninf.s                       0x00000000   Number         0  dnaninf.o ABSOLUTE
    ../fplib/dretinf.s                       0x00000000   Number         0  dretinf.o ABSOLUTE
    ../fplib/drleqf.s                        0x00000000   Number         0  drleqf.o ABSOLUTE
    ../fplib/drnd.s                          0x00000000   Number         0  drnd.o ABSOLUTE
    ../fplib/f2d.s                           0x00000000   Number         0  f2d.o ABSOLUTE
    ../fplib/fdiv.s                          0x00000000   Number         0  fdiv.o ABSOLUTE
    ../fplib/fflt.s                          0x00000000   Number         0  fflt_clz.o ABSOLUTE
    ../fplib/fmul.s                          0x00000000   Number         0  fmul.o ABSOLUTE
    ../fplib/fnaninf.s                       0x00000000   Number         0  fnaninf.o ABSOLUTE
    ../fplib/fpinit.s                        0x00000000   Number         0  fpinit.o ABSOLUTE
    ../fplib/fretinf.s                       0x00000000   Number         0  fretinf.o ABSOLUTE
    ../fplib/usenofp.s                       0x00000000   Number         0  usenofp.o ABSOLUTE
    ../mathlib/round.c                       0x00000000   Number         0  round.o ABSOLUTE
    GLCD\AsciiLib.c                          0x00000000   Number         0  asciilib.o ABSOLUTE
    GLCD\GLCD.c                              0x00000000   Number         0  glcd.o ABSOLUTE
    GLCD\HzLib.c                             0x00000000   Number         0  hzlib.o ABSOLUTE
    GLCD\\GLCD.c                             0x00000000   Number         0  glcd.o ABSOLUTE
    RIT\IRQ_RIT.c                            0x00000000   Number         0  irq_rit.o ABSOLUTE
    RIT\\IRQ_RIT.c                           0x00000000   Number         0  irq_rit.o ABSOLUTE
    RIT\\lib_RIT.c                           0x00000000   Number         0  lib_rit.o ABSOLUTE
    RIT\lib_RIT.c                            0x00000000   Number         0  lib_rit.o ABSOLUTE
    TouchPanel\TouchPanel.c                  0x00000000   Number         0  touchpanel.o ABSOLUTE
    TouchPanel\\TouchPanel.c                 0x00000000   Number         0  touchpanel.o ABSOLUTE
    core_cm3.c                               0x00000000   Number         0  core_cm3.o ABSOLUTE
    core_cm3.c                               0x00000000   Number         0  core_cm3.o ABSOLUTE
    dc.s                                     0x00000000   Number         0  dc.o ABSOLUTE
    sample.c                                 0x00000000   Number         0  sample.o ABSOLUTE
    sample.c                                 0x00000000   Number         0  sample.o ABSOLUTE
    startup_LPC17xx.s                        0x00000000   Number         0  startup_lpc17xx.o ABSOLUTE
    system_LPC17xx.c                         0x00000000   Number         0  system_lpc17xx.o ABSOLUTE
    system_LPC17xx.c                         0x00000000   Number         0  system_lpc17xx.o ABSOLUTE
    tamagotchi.c                             0x00000000   Number         0  tamagotchi.o ABSOLUTE
    tamagotchi.c                             0x00000000   Number         0  tamagotchi.o ABSOLUTE
    tamagotchi_animations.c                  0x00000000   Number         0  tamagotchi_animations.o ABSOLUTE
    tamagotchi_animations.c                  0x00000000   Number         0  tamagotchi_animations.o ABSOLUTE
    timer\IRQ_timer.c                        0x00000000   Number         0  irq_timer.o ABSOLUTE
    timer\\IRQ_timer.c                       0x00000000   Number         0  irq_timer.o ABSOLUTE
    timer\\lib_timer.c                       0x00000000   Number         0  lib_timer.o ABSOLUTE
    timer\lib_timer.c                        0x00000000   Number         0  lib_timer.o ABSOLUTE
    user_events.c                            0x00000000   Number         0  user_events.o ABSOLUTE
    user_events.c                            0x00000000   Number         0  user_events.o ABSOLUTE
    !!!main                                  0x000000cc   Section        8  __main.o(!!!main)
    !!!scatter                               0x000000d4   Section       52  __scatter.o(!!!scatter)
    !!dclz77c                                0x00000108   Section      100  __dclz77c.o(!!dclz77c)
    !!handler_copy                           0x0000016c   Section       26  __scatter_copy.o(!!handler_copy)
    !!handler_zi                             0x00000188   Section       28  __scatter_zi.o(!!handler_zi)
    .ARM.Collect$$_printf_percent$$00000000  0x000001a4   Section        0  _printf_percent.o(.ARM.Collect$$_printf_percent$$00000000)
    .ARM.Collect$$_printf_percent$$00000009  0x000001a4   Section        6  _printf_d.o(.ARM.Collect$$_printf_percent$$00000009)
    .ARM.Collect$$_printf_percent$$00000017  0x000001aa   Section        4  _printf_percent_end.o(.ARM.Collect$$_printf_percent$$00000017)
    .ARM.Collect$$libinit$$00000000          0x000001ae   Section        2  libinit.o(.ARM.Collect$$libinit$$00000000)
    .ARM.Collect$$libinit$$00000002          0x000001b0   Section        0  libinit2.o(.ARM.Collect$$libinit$$00000002)
    .ARM.Collect$$libinit$$00000004          0x000001b0   Section        0  libinit2.o(.ARM.Collect$$libinit$$00000004)
    .ARM.Collect$$libinit$$0000000A          0x000001b0   Section        0  libinit2.o(.ARM.Collect$$libinit$$0000000A)
    .ARM.Collect$$libinit$$0000000C          0x000001b0   Section        0  libinit2.o(.ARM.Collect$$libinit$$0000000C)
    .ARM.Collect$$libinit$$0000000E          0x000001b0   Section        0  libinit2.o(.ARM.Collect$$libinit$$0000000E)
    .ARM.Collect$$libinit$$00000011          0x000001b0   Section        0  libinit2.o(.ARM.Collect$$libinit$$00000011)
    .ARM.Collect$$libinit$$00000013          0x000001b0   Section        0  libinit2.o(.ARM.Collect$$libinit$$00000013)
    .ARM.Collect$$libinit$$00000015          0x000001b0   Section        0  libinit2.o(.ARM.Collect$$libinit$$00000015)
    .ARM.Collect$$libinit$$00000017          0x000001b0   Section        0  libinit2.o(.ARM.Collect$$libinit$$00000017)
    .ARM.Collect$$libinit$$00000019          0x000001b0   Section        0  libinit2.o(.ARM.Collect$$libinit$$00000019)
    .ARM.Collect$$libinit$$0000001B          0x000001b0   Section        0  libinit2.o(.ARM.Collect$$libinit$$0000001B)
    .ARM.Collect$$libinit$$0000001D          0x000001b0   Section        0  libinit2.o(.ARM.Collect$$libinit$$0000001D)
    .ARM.Collect$$libinit$$0000001F          0x000001b0   Section        0  libinit2.o(.ARM.Collect$$libinit$$0000001F)
    .ARM.Collect$$libinit$$00000021          0x000001b0   Section        0  libinit2.o(.ARM.Collect$$libinit$$00000021)
    .ARM.Collect$$libinit$$00000023          0x000001b0   Section        0  libinit2.o(.ARM.Collect$$libinit$$00000023)
    .ARM.Collect$$libinit$$00000025          0x000001b0   Section        0  libinit2.o(.ARM.Collect$$libinit$$00000025)
    .ARM.Collect$$libinit$$0000002C          0x000001b0   Section        0  libinit2.o(.ARM.Collect$$libinit$$0000002C)
    .ARM.Collect$$libinit$$0000002E          0x000001b0   Section        0  libinit2.o(.ARM.Collect$$libinit$$0000002E)
    .ARM.Collect$$libinit$$00000030          0x000001b0   Section        0  libinit2.o(.ARM.Collect$$libinit$$00000030)
    .ARM.Collect$$libinit$$00000032          0x000001b0   Section        0  libinit2.o(.ARM.Collect$$libinit$$00000032)
    .ARM.Collect$$libinit$$00000033          0x000001b0   Section        2  libinit2.o(.ARM.Collect$$libinit$$00000033)
    .ARM.Collect$$libshutdown$$00000000      0x000001b2   Section        2  libshutdown.o(.ARM.Collect$$libshutdown$$00000000)
    .ARM.Collect$$libshutdown$$00000002      0x000001b4   Section        0  libshutdown2.o(.ARM.Collect$$libshutdown$$00000002)
    .ARM.Collect$$libshutdown$$00000004      0x000001b4   Section        0  libshutdown2.o(.ARM.Collect$$libshutdown$$00000004)
    .ARM.Collect$$libshutdown$$00000006      0x000001b4   Section        0  libshutdown2.o(.ARM.Collect$$libshutdown$$00000006)
    .ARM.Collect$$libshutdown$$00000009      0x000001b4   Section        0  libshutdown2.o(.ARM.Collect$$libshutdown$$00000009)
    .ARM.Collect$$libshutdown$$0000000C      0x000001b4   Section        0  libshutdown2.o(.ARM.Collect$$libshutdown$$0000000C)
    .ARM.Collect$$libshutdown$$0000000E      0x000001b4   Section        0  libshutdown2.o(.ARM.Collect$$libshutdown$$0000000E)
    .ARM.Collect$$libshutdown$$00000011      0x000001b4   Section        0  libshutdown2.o(.ARM.Collect$$libshutdown$$00000011)
    .ARM.Collect$$libshutdown$$00000012      0x000001b4   Section        2  libshutdown2.o(.ARM.Collect$$libshutdown$$00000012)
    .ARM.Collect$$rtentry$$00000000          0x000001b6   Section        0  __rtentry.o(.ARM.Collect$$rtentry$$00000000)
    .ARM.Collect$$rtentry$$00000002          0x000001b6   Section        0  __rtentry2.o(.ARM.Collect$$rtentry$$00000002)
    .ARM.Collect$$rtentry$$00000004          0x000001b6   Section        6  __rtentry4.o(.ARM.Collect$$rtentry$$00000004)
    .ARM.Collect$$rtentry$$00000009          0x000001bc   Section        0  __rtentry2.o(.ARM.Collect$$rtentry$$00000009)
    .ARM.Collect$$rtentry$$0000000A          0x000001bc   Section        4  __rtentry2.o(.ARM.Collect$$rtentry$$0000000A)
    .ARM.Collect$$rtentry$$0000000C          0x000001c0   Section        0  __rtentry2.o(.ARM.Collect$$rtentry$$0000000C)
    .ARM.Collect$$rtentry$$0000000D          0x000001c0   Section        8  __rtentry2.o(.ARM.Collect$$rtentry$$0000000D)
    .ARM.Collect$$rtexit$$00000000           0x000001c8   Section        2  rtexit.o(.ARM.Collect$$rtexit$$00000000)
    .ARM.Collect$$rtexit$$00000002           0x000001ca   Section        0  rtexit2.o(.ARM.Collect$$rtexit$$00000002)
    .ARM.Collect$$rtexit$$00000003           0x000001ca   Section        4  rtexit2.o(.ARM.Collect$$rtexit$$00000003)
    .ARM.Collect$$rtexit$$00000004           0x000001ce   Section        6  rtexit2.o(.ARM.Collect$$rtexit$$00000004)
    .text                                    0x000001d4   Section       52  startup_lpc17xx.o(.text)
    .text                                    0x00000208   Section        0  irq_timer.o(.text)
    .text                                    0x0000022c   Section        0  asciilib.o(.text)
    .text                                    0x0000024c   Section        0  irq_rit.o(.text)
    .text                                    0x00000264   Section        0  noretval__2sprintf.o(.text)
    .text                                    0x0000028c   Section        0  _printf_pad.o(.text)
    .text                                    0x000002da   Section        0  heapauxi.o(.text)
    .text                                    0x000002e0   Section        0  _sputc.o(.text)
    .text                                    0x000002ea   Section        0  exit.o(.text)
    .ARM.__at_0x02FC                         0x000002fc   Section        4  startup_lpc17xx.o(.ARM.__at_0x02FC)
    .text                                    0x00000300   Section        0  sample.o(.text)
    .text                                    0x000004bc   Section        0  system_lpc17xx.o(.text)
    .text                                    0x000006e8   Section        0  lib_timer.o(.text)
    __NVIC_EnableIRQ                         0x000006e9   Thumb Code    34  lib_timer.o(.text)
    __NVIC_SetPriority                       0x0000070b   Thumb Code    32  lib_timer.o(.text)
    .text                                    0x000007c8   Section        0  glcd.o(.text)
    LCD_Configuration                        0x000007c9   Thumb Code    20  glcd.o(.text)
    wait_delay                               0x000007dd   Thumb Code    12  glcd.o(.text)
    LCD_SetCursor                            0x000007e9   Thumb Code  1356  glcd.o(.text)
    delay_ms                                 0x00000d35   Thumb Code    30  glcd.o(.text)
    LCD_BGR2RGB                              0x000064fd   Thumb Code    26  glcd.o(.text)
    .text                                    0x00007564   Section        0  touchpanel.o(.text)
    ADS7843_SPI_Init                         0x00007575   Thumb Code   128  touchpanel.o(.text)
    DelayUS                                  0x00007613   Thumb Code    28  touchpanel.o(.text)
    WR_CMD                                   0x0000762f   Thumb Code    56  touchpanel.o(.text)
    RD_AD                                    0x00007667   Thumb Code    42  touchpanel.o(.text)
    .text                                    0x00007ee4   Section        0  tamagotchi.o(.text)
    age_init                                 0x00007ee5   Thumb Code    20  tamagotchi.o(.text)
    status_init                              0x00007f0b   Thumb Code    44  tamagotchi.o(.text)
    print_battery                            0x00007f37   Thumb Code   212  tamagotchi.o(.text)
    age_2_lifetime                           0x0000800b   Thumb Code    24  tamagotchi.o(.text)
    print_btn_reset                          0x00008129   Thumb Code    66  tamagotchi.o(.text)
    session_reset                            0x0000816b   Thumb Code   140  tamagotchi.o(.text)
    print_battery_segments                   0x000081f7   Thumb Code   192  tamagotchi.o(.text)
    print_btn_play                           0x000082b7   Thumb Code   112  tamagotchi.o(.text)
    print_lifetime_LCD                       0x00008327   Thumb Code    74  tamagotchi.o(.text)
    add_1_second                             0x0000855b   Thumb Code    54  tamagotchi.o(.text)
    .text                                    0x00008710   Section        0  user_events.o(.text)
    .text                                    0x00008840   Section        0  tamagotchi_animations.o(.text)
    print_rescale_square                     0x00008841   Thumb Code    52  tamagotchi_animations.o(.text)
    clear_tamagotchi_square                  0x00008a33   Thumb Code    38  tamagotchi_animations.o(.text)
    .text                                    0x00008bb4   Section        0  lib_rit.o(.text)
    .text                                    0x00008c74   Section        0  _printf_dec.o(.text)
    .text                                    0x00008cec   Section        0  __printf_flags_wp.o(.text)
    .text                                    0x00008e24   Section      138  rt_memcpy_v6.o(.text)
    .text                                    0x00008eae   Section      100  rt_memcpy_w.o(.text)
    .text                                    0x00008f12   Section       78  rt_memclr_w.o(.text)
    .text                                    0x00008f60   Section        0  _printf_intcommon.o(.text)
    .text                                    0x00009014   Section        0  _printf_char_common.o(.text)
    _printf_input_char                       0x00009015   Thumb Code    10  _printf_char_common.o(.text)
    .text                                    0x00009044   Section       74  sys_stackheap_outer.o(.text)
    .text                                    0x00009090   Section        8  libspace.o(.text)
    .text                                    0x00009098   Section        0  sys_exit.o(.text)
    .text                                    0x000090a4   Section        2  use_no_semi.o(.text)
    .text                                    0x000090a6   Section        0  indicate_semi.o(.text)
    i._is_digit                              0x000090a6   Section        0  __printf_wp.o(i._is_digit)
    i.round                                  0x000090b4   Section        0  round.o(i.round)
    x$fpl$dadd                               0x00009148   Section      336  daddsub_clz.o(x$fpl$dadd)
    _dadd1                                   0x00009159   Thumb Code     0  daddsub_clz.o(x$fpl$dadd)
    x$fpl$dcmpinf                            0x00009298   Section       24  dcmpi.o(x$fpl$dcmpinf)
    x$fpl$ddiv                               0x000092b0   Section      688  ddiv.o(x$fpl$ddiv)
    ddiv_entry                               0x000092b7   Thumb Code     0  ddiv.o(x$fpl$ddiv)
    x$fpl$deqf                               0x00009560   Section      120  deqf.o(x$fpl$deqf)
    x$fpl$dfix                               0x000095d8   Section       94  dfix.o(x$fpl$dfix)
    x$fpl$dfixu                              0x00009638   Section       90  dfixu.o(x$fpl$dfixu)
    x$fpl$dflt                               0x00009692   Section       46  dflt_clz.o(x$fpl$dflt)
    x$fpl$dfltu                              0x000096c0   Section       38  dflt_clz.o(x$fpl$dfltu)
    x$fpl$dleqf                              0x000096e8   Section      120  dleqf.o(x$fpl$dleqf)
    x$fpl$dmul                               0x00009760   Section      340  dmul.o(x$fpl$dmul)
    x$fpl$dnaninf                            0x000098b4   Section      156  dnaninf.o(x$fpl$dnaninf)
    x$fpl$dretinf                            0x00009950   Section       12  dretinf.o(x$fpl$dretinf)
    x$fpl$drleqf                             0x0000995c   Section      108  drleqf.o(x$fpl$drleqf)
    x$fpl$drnd                               0x000099c8   Section      180  drnd.o(x$fpl$drnd)
    x$fpl$drsb                               0x00009a7c   Section       22  daddsub_clz.o(x$fpl$drsb)
    x$fpl$dsub                               0x00009a94   Section      468  daddsub_clz.o(x$fpl$dsub)
    _dsub1                                   0x00009aa5   Thumb Code     0  daddsub_clz.o(x$fpl$dsub)
    x$fpl$f2d                                0x00009c68   Section       86  f2d.o(x$fpl$f2d)
    x$fpl$fdiv                               0x00009cc0   Section      388  fdiv.o(x$fpl$fdiv)
    _fdiv1                                   0x00009cc1   Thumb Code     0  fdiv.o(x$fpl$fdiv)
    x$fpl$fflt                               0x00009e44   Section       48  fflt_clz.o(x$fpl$fflt)
    x$fpl$fmul                               0x00009e74   Section      258  fmul.o(x$fpl$fmul)
    x$fpl$fnaninf                            0x00009f76   Section      140  fnaninf.o(x$fpl$fnaninf)
    x$fpl$fretinf                            0x0000a002   Section       10  fretinf.o(x$fpl$fretinf)
    .constdata                               0x0000a00c   Section     1520  asciilib.o(.constdata)
    x$fpl$usenofp                            0x0000a00c   Section        0  usenofp.o(x$fpl$usenofp)
    AsciiLib                                 0x0000a00c   Data        1520  asciilib.o(.constdata)
    .constdata                               0x0000a5fc   Section    95080  tamagotchi_animations.o(.constdata)
    .constdata                               0x00021964   Section       17  __printf_flags_wp.o(.constdata)
    maptable                                 0x00021964   Data          17  __printf_flags_wp.o(.constdata)
    .data                                    0x10000000   Section     2016  tamagotchi_animations.o(.data)
    .data                                    0x2007c000   Section        4  system_lpc17xx.o(.data)
    .data                                    0x2007c004   Section        4  glcd.o(.data)
    LCD_Code                                 0x2007c004   Data           1  glcd.o(.data)
    back_color                               0x2007c006   Data           2  glcd.o(.data)
    .data                                    0x2007c008   Section       20  touchpanel.o(.data)
    screen                                   0x2007c018   Data           4  touchpanel.o(.data)
    .bss                                     0x2007c01c   Section      284  sample.o(.bss)
    session                                  0x2007c01c   Data         108  sample.o(.bss)
    events_buffer_staging                    0x2007c088   Data          88  sample.o(.bss)
    events_buffer_done                       0x2007c0e0   Data          88  sample.o(.bss)
    .bss                                     0x2007c138   Section       68  touchpanel.o(.bss)
    .bss                                     0x2007c17c   Section       96  libspace.o(.bss)
    HEAP                                     0x2007c1e0   Section        0  startup_lpc17xx.o(HEAP)
    STACK                                    0x2007c1e0   Section      512  startup_lpc17xx.o(STACK)
    Heap_Mem                                 0x2007c1e0   Data           0  startup_lpc17xx.o(HEAP)
    Stack_Mem                                0x2007c1e0   Data         512  startup_lpc17xx.o(STACK)
    __initial_sp                             0x2007c3e0   Data           0  startup_lpc17xx.o(STACK)

    Global Symbols

    Symbol Name                              Value     Ov Type        Size  Object(Section)

    BuildAttributes$$THM_ISAv4$P$D$K$B$S$PE$A:L22UL41UL21$X:L11$S22US41US21$IEEE1$IW$USESV6$~STKCKD$USESV7$ENUMINT$~SHL$OTIME$ROPI$IEEEJ$EBA8$UX$STANDARDLIB$REQ8$PRES8$EABIv2 0x00000000   Number         0  anon$$obj.o ABSOLUTE
    __ARM_use_no_argv                        0x00000000   Number         0  sample.o ABSOLUTE
    __Vectors                                0x00000000   Data           4  startup_lpc17xx.o(RESET)
    _printf_flags                            0x00000000   Number         0  printf_stubs.o ABSOLUTE
    _printf_return_value                     0x00000000   Number         0  printf_stubs.o ABSOLUTE
    _printf_sizespec                         0x00000000   Number         0  printf_stubs.o ABSOLUTE
    _printf_widthprec                        0x00000000   Number         0  printf_stubs.o ABSOLUTE
    __ARM_exceptions_init                     - Undefined Weak Reference
    __alloca_initialize                       - Undefined Weak Reference
    __arm_fini_                               - Undefined Weak Reference
    __arm_preinit_                            - Undefined Weak Reference
    __cpp_initialize__aeabi_                  - Undefined Weak Reference
    __cxa_finalize                            - Undefined Weak Reference
    __rt_locale                               - Undefined Weak Reference
    __sigvec_lookup                           - Undefined Weak Reference
    _atexit_init                              - Undefined Weak Reference
    _call_atexit_fns                          - Undefined Weak Reference
    _clock_init                               - Undefined Weak Reference
    _fp_trap_init                             - Undefined Weak Reference
    _fp_trap_shutdown                         - Undefined Weak Reference
    _get_lc_collate                           - Undefined Weak Reference
    _get_lc_ctype                             - Undefined Weak Reference
    _get_lc_monetary                          - Undefined Weak Reference
    _get_lc_numeric                           - Undefined Weak Reference
    _get_lc_time                              - Undefined Weak Reference
    _getenv_init                              - Undefined Weak Reference
    _handle_redirection                       - Undefined Weak Reference
    _init_alloc                               - Undefined Weak Reference
    _init_user_alloc                          - Undefined Weak Reference
    _initio                                   - Undefined Weak Reference
    _printf_truncate_signed                   - Undefined Weak Reference
    _printf_truncate_unsigned                 - Undefined Weak Reference
    _rand_init                                - Undefined Weak Reference
    _signal_finish                            - Undefined Weak Reference
    _signal_init                              - Undefined Weak Reference
    _terminate_alloc                          - Undefined Weak Reference
    _terminate_user_alloc                     - Undefined Weak Reference
    _terminateio                              - Undefined Weak Reference
    __main                                   0x000000cd   Thumb Code     8  __main.o(!!!main)
    __scatterload                            0x000000d5   Thumb Code     0  __scatter.o(!!!scatter)
    __scatterload_rt2                        0x000000d5   Thumb Code    44  __scatter.o(!!!scatter)
    __scatterload_rt2_thumb_only             0x000000d5   Thumb Code     0  __scatter.o(!!!scatter)
    __scatterload_null                       0x000000e3   Thumb Code     0  __scatter.o(!!!scatter)
    __decompress                             0x00000109   Thumb Code   100  __dclz77c.o(!!dclz77c)
    __decompress2                            0x00000109   Thumb Code     0  __dclz77c.o(!!dclz77c)
    __scatterload_copy                       0x0000016d   Thumb Code    26  __scatter_copy.o(!!handler_copy)
    __scatterload_zeroinit                   0x00000189   Thumb Code    28  __scatter_zi.o(!!handler_zi)
    _printf_d                                0x000001a5   Thumb Code     0  _printf_d.o(.ARM.Collect$$_printf_percent$$00000009)
    _printf_percent                          0x000001a5   Thumb Code     0  _printf_percent.o(.ARM.Collect$$_printf_percent$$00000000)
    _printf_percent_end                      0x000001ab   Thumb Code     0  _printf_percent_end.o(.ARM.Collect$$_printf_percent$$00000017)
    __rt_lib_init                            0x000001af   Thumb Code     0  libinit.o(.ARM.Collect$$libinit$$00000000)
    __rt_lib_init_alloca_1                   0x000001b1   Thumb Code     0  libinit2.o(.ARM.Collect$$libinit$$0000002E)
    __rt_lib_init_argv_1                     0x000001b1   Thumb Code     0  libinit2.o(.ARM.Collect$$libinit$$0000002C)
    __rt_lib_init_atexit_1                   0x000001b1   Thumb Code     0  libinit2.o(.ARM.Collect$$libinit$$0000001B)
    __rt_lib_init_clock_1                    0x000001b1   Thumb Code     0  libinit2.o(.ARM.Collect$$libinit$$00000021)
    __rt_lib_init_cpp_1                      0x000001b1   Thumb Code     0  libinit2.o(.ARM.Collect$$libinit$$00000032)
    __rt_lib_init_exceptions_1               0x000001b1   Thumb Code     0  libinit2.o(.ARM.Collect$$libinit$$00000030)
    __rt_lib_init_fp_1                       0x000001b1   Thumb Code     0  libinit2.o(.ARM.Collect$$libinit$$00000002)
    __rt_lib_init_fp_trap_1                  0x000001b1   Thumb Code     0  libinit2.o(.ARM.Collect$$libinit$$0000001F)
    __rt_lib_init_getenv_1                   0x000001b1   Thumb Code     0  libinit2.o(.ARM.Collect$$libinit$$00000023)
    __rt_lib_init_heap_1                     0x000001b1   Thumb Code     0  libinit2.o(.ARM.Collect$$libinit$$0000000A)
    __rt_lib_init_lc_collate_1               0x000001b1   Thumb Code     0  libinit2.o(.ARM.Collect$$libinit$$00000011)
    __rt_lib_init_lc_ctype_1                 0x000001b1   Thumb Code     0  libinit2.o(.ARM.Collect$$libinit$$00000013)
    __rt_lib_init_lc_monetary_1              0x000001b1   Thumb Code     0  libinit2.o(.ARM.Collect$$libinit$$00000015)
    __rt_lib_init_lc_numeric_1               0x000001b1   Thumb Code     0  libinit2.o(.ARM.Collect$$libinit$$00000017)
    __rt_lib_init_lc_time_1                  0x000001b1   Thumb Code     0  libinit2.o(.ARM.Collect$$libinit$$00000019)
    __rt_lib_init_preinit_1                  0x000001b1   Thumb Code     0  libinit2.o(.ARM.Collect$$libinit$$00000004)
    __rt_lib_init_rand_1                     0x000001b1   Thumb Code     0  libinit2.o(.ARM.Collect$$libinit$$0000000E)
    __rt_lib_init_return                     0x000001b1   Thumb Code     0  libinit2.o(.ARM.Collect$$libinit$$00000033)
    __rt_lib_init_signal_1                   0x000001b1   Thumb Code     0  libinit2.o(.ARM.Collect$$libinit$$0000001D)
    __rt_lib_init_stdio_1                    0x000001b1   Thumb Code     0  libinit2.o(.ARM.Collect$$libinit$$00000025)
    __rt_lib_init_user_alloc_1               0x000001b1   Thumb Code     0  libinit2.o(.ARM.Collect$$libinit$$0000000C)
    __rt_lib_shutdown                        0x000001b3   Thumb Code     0  libshutdown.o(.ARM.Collect$$libshutdown$$00000000)
    __rt_lib_shutdown_cpp_1                  0x000001b5   Thumb Code     0  libshutdown2.o(.ARM.Collect$$libshutdown$$00000004)
    __rt_lib_shutdown_fini_1                 0x000001b5   Thumb Code     0  libshutdown2.o(.ARM.Collect$$libshutdown$$00000002)
    __rt_lib_shutdown_fp_trap_1              0x000001b5   Thumb Code     0  libshutdown2.o(.ARM.Collect$$libshutdown$$00000009)
    __rt_lib_shutdown_heap_1                 0x000001b5   Thumb Code     0  libshutdown2.o(.ARM.Collect$$libshutdown$$00000011)
    __rt_lib_shutdown_return                 0x000001b5   Thumb Code     0  libshutdown2.o(.ARM.Collect$$libshutdown$$00000012)
    __rt_lib_shutdown_signal_1               0x000001b5   Thumb Code     0  libshutdown2.o(.ARM.Collect$$libshutdown$$0000000C)
    __rt_lib_shutdown_stdio_1                0x000001b5   Thumb Code     0  libshutdown2.o(.ARM.Collect$$libshutdown$$00000006)
    __rt_lib_shutdown_user_alloc_1           0x000001b5   Thumb Code     0  libshutdown2.o(.ARM.Collect$$libshutdown$$0000000E)
    __rt_entry                               0x000001b7   Thumb Code     0  __rtentry.o(.ARM.Collect$$rtentry$$00000000)
    __rt_entry_presh_1                       0x000001b7   Thumb Code     0  __rtentry2.o(.ARM.Collect$$rtentry$$00000002)
    __rt_entry_sh                            0x000001b7   Thumb Code     0  __rtentry4.o(.ARM.Collect$$rtentry$$00000004)
    __rt_entry_li                            0x000001bd   Thumb Code     0  __rtentry2.o(.ARM.Collect$$rtentry$$0000000A)
    __rt_entry_postsh_1                      0x000001bd   Thumb Code     0  __rtentry2.o(.ARM.Collect$$rtentry$$00000009)
    __rt_entry_main                          0x000001c1   Thumb Code     0  __rtentry2.o(.ARM.Collect$$rtentry$$0000000D)
    __rt_entry_postli_1                      0x000001c1   Thumb Code     0  __rtentry2.o(.ARM.Collect$$rtentry$$0000000C)
    __rt_exit                                0x000001c9   Thumb Code     0  rtexit.o(.ARM.Collect$$rtexit$$00000000)
    __rt_exit_ls                             0x000001cb   Thumb Code     0  rtexit2.o(.ARM.Collect$$rtexit$$00000003)
    __rt_exit_prels_1                        0x000001cb   Thumb Code     0  rtexit2.o(.ARM.Collect$$rtexit$$00000002)
    __rt_exit_exit                           0x000001cf   Thumb Code     0  rtexit2.o(.ARM.Collect$$rtexit$$00000004)
    Reset_Handler                            0x000001d5   Thumb Code     4  startup_lpc17xx.o(.text)
    NMI_Handler                              0x000001d9   Thumb Code     2  startup_lpc17xx.o(.text)
    HardFault_Handler                        0x000001db   Thumb Code     2  startup_lpc17xx.o(.text)
    MemManage_Handler                        0x000001dd   Thumb Code     2  startup_lpc17xx.o(.text)
    BusFault_Handler                         0x000001df   Thumb Code     2  startup_lpc17xx.o(.text)
    UsageFault_Handler                       0x000001e1   Thumb Code     2  startup_lpc17xx.o(.text)
    SVC_Handler                              0x000001e3   Thumb Code     2  startup_lpc17xx.o(.text)
    DebugMon_Handler                         0x000001e5   Thumb Code     2  startup_lpc17xx.o(.text)
    PendSV_Handler                           0x000001e7   Thumb Code     2  startup_lpc17xx.o(.text)
    SysTick_Handler                          0x000001e9   Thumb Code     2  startup_lpc17xx.o(.text)
    ADC_IRQHandler                           0x000001eb   Thumb Code     0  startup_lpc17xx.o(.text)
    BOD_IRQHandler                           0x000001eb   Thumb Code     0  startup_lpc17xx.o(.text)
    CANActivity_IRQHandler                   0x000001eb   Thumb Code     0  startup_lpc17xx.o(.text)
    CAN_IRQHandler                           0x000001eb   Thumb Code     0  startup_lpc17xx.o(.text)
    DMA_IRQHandler                           0x000001eb   Thumb Code     0  startup_lpc17xx.o(.text)
    EINT0_IRQHandler                         0x000001eb   Thumb Code     0  startup_lpc17xx.o(.text)
    EINT1_IRQHandler                         0x000001eb   Thumb Code     0  startup_lpc17xx.o(.text)
    EINT2_IRQHandler                         0x000001eb   Thumb Code     0  startup_lpc17xx.o(.text)
    EINT3_IRQHandler                         0x000001eb   Thumb Code     0  startup_lpc17xx.o(.text)
    ENET_IRQHandler                          0x000001eb   Thumb Code     0  startup_lpc17xx.o(.text)
    I2C0_IRQHandler                          0x000001eb   Thumb Code     0  startup_lpc17xx.o(.text)
    I2C1_IRQHandler                          0x000001eb   Thumb Code     0  startup_lpc17xx.o(.text)
    I2C2_IRQHandler                          0x000001eb   Thumb Code     0  startup_lpc17xx.o(.text)
    I2S_IRQHandler                           0x000001eb   Thumb Code     0  startup_lpc17xx.o(.text)
    MCPWM_IRQHandler                         0x000001eb   Thumb Code     0  startup_lpc17xx.o(.text)
    PLL0_IRQHandler                          0x000001eb   Thumb Code     0  startup_lpc17xx.o(.text)
    PLL1_IRQHandler                          0x000001eb   Thumb Code     0  startup_lpc17xx.o(.text)
    PWM1_IRQHandler                          0x000001eb   Thumb Code     0  startup_lpc17xx.o(.text)
    QEI_IRQHandler                           0x000001eb   Thumb Code     0  startup_lpc17xx.o(.text)
    RTC_IRQHandler                           0x000001eb   Thumb Code     0  startup_lpc17xx.o(.text)
    SPI_IRQHandler                           0x000001eb   Thumb Code     0  startup_lpc17xx.o(.text)
    SSP0_IRQHandler                          0x000001eb   Thumb Code     0  startup_lpc17xx.o(.text)
    SSP1_IRQHandler                          0x000001eb   Thumb Code     0  startup_lpc17xx.o(.text)
    TIMER2_IRQHandler                        0x000001eb   Thumb Code     0  startup_lpc17xx.o(.text)
    TIMER3_IRQHandler                        0x000001eb   Thumb Code     0  startup_lpc17xx.o(.text)
    UART0_IRQHandler                         0x000001eb   Thumb Code     0  startup_lpc17xx.o(.text)
    UART1_IRQHandler                         0x000001eb   Thumb Code     0  startup_lpc17xx.o(.text)
    UART2_IRQHandler                         0x000001eb   Thumb Code     0  startup_lpc17xx.o(.text)
    UART3_IRQHandler                         0x000001eb   Thumb Code     0  startup_lpc17xx.o(.text)
    USBActivity_IRQHandler                   0x000001eb   Thumb Code     0  startup_lpc17xx.o(.text)
    USB_IRQHandler                           0x000001eb   Thumb Code     0  startup_lpc17xx.o(.text)
    WDT_IRQHandler                           0x000001eb   Thumb Code     0  startup_lpc17xx.o(.text)
    __user_initial_stackheap                 0x000001ed   Thumb Code     0  startup_lpc17xx.o(.text)
    TIMER0_IRQHandler                        0x00000209   Thumb Code    16  irq_timer.o(.text)
    TIMER1_IRQHandler                        0x00000219   Thumb Code    14  irq_timer.o(.text)
    GetASCIICode                             0x0000022d   Thumb Code    26  asciilib.o(.text)
    RIT_IRQHandler                           0x0000024d   Thumb Code    20  irq_rit.o(.text)
    __2sprintf                               0x00000265   Thumb Code    34  noretval__2sprintf.o(.text)
    _printf_pre_padding                      0x0000028d   Thumb Code    44  _printf_pad.o(.text)
    _printf_post_padding                     0x000002b9   Thumb Code    34  _printf_pad.o(.text)
    __use_two_region_memory                  0x000002db   Thumb Code     2  heapauxi.o(.text)
    __rt_heap_escrow$2region                 0x000002dd   Thumb Code     2  heapauxi.o(.text)
    __rt_heap_expand$2region                 0x000002df   Thumb Code     2  heapauxi.o(.text)
    _sputc                                   0x000002e1   Thumb Code    10  _sputc.o(.text)
    exit                                     0x000002eb   Thumb Code    18  exit.o(.text)
    run                                      0x00000301   Thumb Code    16  sample.o(.text)
    init                                     0x00000311   Thumb Code    90  sample.o(.text)
    main                                     0x0000036b   Thumb Code     8  sample.o(.text)
    do_tamagotchi_life_interrupt             0x00000373   Thumb Code    10  sample.o(.text)
    do_tamagotchi_update                     0x0000037d   Thumb Code    10  sample.o(.text)
    do_user_events_interrupt                 0x00000387   Thumb Code   288  sample.o(.text)
    SystemInit                               0x000004bd   Thumb Code   528  system_lpc17xx.o(.text)
    enable_timer                             0x0000072b   Thumb Code    20  lib_timer.o(.text)
    disable_timer                            0x0000073f   Thumb Code    20  lib_timer.o(.text)
    reset_timer                              0x00000753   Thumb Code    30  lib_timer.o(.text)
    init_timer                               0x00000771   Thumb Code    76  lib_timer.o(.text)
    wait                                     0x00000d53   Thumb Code     4  glcd.o(.text)
    LCD_WritePixel                           0x00000d57   Thumb Code    64  glcd.o(.text)
    LCD_WriteCommand                         0x00000d97   Thumb Code    74  glcd.o(.text)
    LCD_ClearWindow                          0x00000de1   Thumb Code   682  glcd.o(.text)
    LCD_Clear                                0x0000108b   Thumb Code  1384  glcd.o(.text)
    LCD_SetBackground                        0x000015f3   Thumb Code    16  glcd.o(.text)
    LCD_Initialization                       0x00001603   Thumb Code 20218  glcd.o(.text)
    LCD_GetPoint                             0x00006517   Thumb Code   984  glcd.o(.text)
    LCD_SetPoint                             0x000068ef   Thumb Code   216  glcd.o(.text)
    LCD_DrawLine                             0x000069c7   Thumb Code   250  glcd.o(.text)
    PutChar                                  0x00006ac1   Thumb Code   100  glcd.o(.text)
    PutCharHorizontal                        0x00006b25   Thumb Code   100  glcd.o(.text)
    GUI_Text                                 0x00006b89   Thumb Code    80  glcd.o(.text)
    LCD_SetWindow                            0x00006bd9   Thumb Code  1080  glcd.o(.text)
    LCD_SetOrientation                       0x00007011   Thumb Code   378  glcd.o(.text)
    pixel                                    0x0000718b   Thumb Code   132  glcd.o(.text)
    LCD_DrawCircle                           0x0000720f   Thumb Code    94  glcd.o(.text)
    LCD_DrawRectangle                        0x0000726d   Thumb Code    58  glcd.o(.text)
    LCD_DrawRectangle_border                 0x000072a7   Thumb Code    86  glcd.o(.text)
    LCD_DrawBorder                           0x000072fd   Thumb Code    84  glcd.o(.text)
    LCD_Darken                               0x00007351   Thumb Code   310  glcd.o(.text)
    LCD_GetPixel                             0x00007487   Thumb Code   208  glcd.o(.text)
    LCD_GetBackground                        0x00007557   Thumb Code     6  glcd.o(.text)
    LPC17xx_SPI_SetSpeed                     0x00007565   Thumb Code    16  touchpanel.o(.text)
    TP_Init                                  0x000075f5   Thumb Code    30  touchpanel.o(.text)
    Read_X                                   0x00007691   Thumb Code    42  touchpanel.o(.text)
    Read_Y                                   0x000076bb   Thumb Code    42  touchpanel.o(.text)
    TP_GetAdXY                               0x000076e5   Thumb Code    34  touchpanel.o(.text)
    TP_DrawPoint                             0x00007707   Thumb Code    20  touchpanel.o(.text)
    DrawCross                                0x0000771b   Thumb Code   356  touchpanel.o(.text)
    DeleteCross                              0x0000787f   Thumb Code   350  touchpanel.o(.text)
    Read_Ads7846                             0x000079dd   Thumb Code   502  touchpanel.o(.text)
    setCalibrationMatrix                     0x00007bd3   Thumb Code   356  touchpanel.o(.text)
    getDisplayPoint                          0x00007d37   Thumb Code   262  touchpanel.o(.text)
    TouchPanel_Calibrate                     0x00007e3d   Thumb Code   120  touchpanel.o(.text)
    age_init_values                          0x00007ef9   Thumb Code    18  tamagotchi.o(.text)
    session_init                             0x00008023   Thumb Code   110  tamagotchi.o(.text)
    jc_selection                             0x00008091   Thumb Code   152  tamagotchi.o(.text)
    session_play                             0x00008371   Thumb Code    84  tamagotchi.o(.text)
    tamagotchi_satiety_update                0x000083c5   Thumb Code   378  tamagotchi.o(.text)
    tamagotchi_happiness_update              0x0000853f   Thumb Code    28  tamagotchi.o(.text)
    tamagotchi_life_interrupt                0x00008591   Thumb Code   136  tamagotchi.o(.text)
    tamagotchi_eat_interrupt                 0x00008619   Thumb Code   130  tamagotchi.o(.text)
    tamagotchi_user_wrapper_update           0x0000869b   Thumb Code   108  tamagotchi.o(.text)
    joystick_enable                          0x00008711   Thumb Code    80  user_events.o(.text)
    user_events_init                         0x00008761   Thumb Code    18  user_events.o(.text)
    events_buffer_init                       0x00008773   Thumb Code    26  user_events.o(.text)
    push                                     0x0000878d   Thumb Code    42  user_events.o(.text)
    pop                                      0x000087b7   Thumb Code    40  user_events.o(.text)
    joystick_disable                         0x000087df   Thumb Code    84  user_events.o(.text)
    print_lcd_from_LRMATRIX                  0x00008875   Thumb Code   110  tamagotchi_animations.o(.text)
    print_lcd_from_DELTAMATRIX               0x000088e3   Thumb Code   140  tamagotchi_animations.o(.text)
    print_lcd_from_FRAME                     0x0000896f   Thumb Code   146  tamagotchi_animations.o(.text)
    display_map_default_init                 0x00008a01   Thumb Code    50  tamagotchi_animations.o(.text)
    display_map_rescale                      0x00008a59   Thumb Code    60  tamagotchi_animations.o(.text)
    clear_tamagotchi_window                  0x00008a95   Thumb Code    36  tamagotchi_animations.o(.text)
    clear_window                             0x00008ab9   Thumb Code    56  tamagotchi_animations.o(.text)
    draw_meal                                0x00008af1   Thumb Code    90  tamagotchi_animations.o(.text)
    draw_snack                               0x00008b4b   Thumb Code    90  tamagotchi_animations.o(.text)
    enable_RIT                               0x00008bb5   Thumb Code    14  lib_rit.o(.text)
    disable_RIT                              0x00008bc3   Thumb Code    14  lib_rit.o(.text)
    reset_RIT                                0x00008bd1   Thumb Code     8  lib_rit.o(.text)
    init_RIT                                 0x00008bd9   Thumb Code   134  lib_rit.o(.text)
    _printf_int_dec                          0x00008c75   Thumb Code   104  _printf_dec.o(.text)
    __printf                                 0x00008ced   Thumb Code   308  __printf_flags_wp.o(.text)
    __aeabi_memcpy                           0x00008e25   Thumb Code     0  rt_memcpy_v6.o(.text)
    __rt_memcpy                              0x00008e25   Thumb Code   138  rt_memcpy_v6.o(.text)
    _memcpy_lastbytes                        0x00008e8b   Thumb Code     0  rt_memcpy_v6.o(.text)
    __aeabi_memcpy4                          0x00008eaf   Thumb Code     0  rt_memcpy_w.o(.text)
    __aeabi_memcpy8                          0x00008eaf   Thumb Code     0  rt_memcpy_w.o(.text)
    __rt_memcpy_w                            0x00008eaf   Thumb Code   100  rt_memcpy_w.o(.text)
    _memcpy_lastbytes_aligned                0x00008ef7   Thumb Code     0  rt_memcpy_w.o(.text)
    __aeabi_memclr4                          0x00008f13   Thumb Code     0  rt_memclr_w.o(.text)
    __aeabi_memclr8                          0x00008f13   Thumb Code     0  rt_memclr_w.o(.text)
    __rt_memclr_w                            0x00008f13   Thumb Code    78  rt_memclr_w.o(.text)
    _memset_w                                0x00008f17   Thumb Code     0  rt_memclr_w.o(.text)
    _printf_int_common                       0x00008f61   Thumb Code   178  _printf_intcommon.o(.text)
    _printf_char_common                      0x0000901f   Thumb Code    32  _printf_char_common.o(.text)
    __user_setup_stackheap                   0x00009045   Thumb Code    74  sys_stackheap_outer.o(.text)
    __user_libspace                          0x00009091   Thumb Code     8  libspace.o(.text)
    __user_perproc_libspace                  0x00009091   Thumb Code     0  libspace.o(.text)
    __user_perthread_libspace                0x00009091   Thumb Code     0  libspace.o(.text)
    _sys_exit                                0x00009099   Thumb Code     8  sys_exit.o(.text)
    __I$use$semihosting                      0x000090a5   Thumb Code     0  use_no_semi.o(.text)
    __use_no_semihosting_swi                 0x000090a5   Thumb Code     2  use_no_semi.o(.text)
    __semihosting_library_function           0x000090a7   Thumb Code     0  indicate_semi.o(.text)
    _is_digit                                0x000090a7   Thumb Code    14  __printf_wp.o(i._is_digit)
    round                                    0x000090b5   Thumb Code   136  round.o(i.round)
    __aeabi_dadd                             0x00009149   Thumb Code     0  daddsub_clz.o(x$fpl$dadd)
    _dadd                                    0x00009149   Thumb Code   332  daddsub_clz.o(x$fpl$dadd)
    __fpl_dcmp_Inf                           0x00009299   Thumb Code    24  dcmpi.o(x$fpl$dcmpinf)
    __aeabi_ddiv                             0x000092b1   Thumb Code     0  ddiv.o(x$fpl$ddiv)
    _ddiv                                    0x000092b1   Thumb Code   552  ddiv.o(x$fpl$ddiv)
    __aeabi_cdcmpeq                          0x00009561   Thumb Code     0  deqf.o(x$fpl$deqf)
    _dcmpeq                                  0x00009561   Thumb Code   120  deqf.o(x$fpl$deqf)
    __aeabi_d2iz                             0x000095d9   Thumb Code     0  dfix.o(x$fpl$dfix)
    _dfix                                    0x000095d9   Thumb Code    94  dfix.o(x$fpl$dfix)
    __aeabi_d2uiz                            0x00009639   Thumb Code     0  dfixu.o(x$fpl$dfixu)
    _dfixu                                   0x00009639   Thumb Code    90  dfixu.o(x$fpl$dfixu)
    __aeabi_i2d                              0x00009693   Thumb Code     0  dflt_clz.o(x$fpl$dflt)
    _dflt                                    0x00009693   Thumb Code    46  dflt_clz.o(x$fpl$dflt)
    __aeabi_ui2d                             0x000096c1   Thumb Code     0  dflt_clz.o(x$fpl$dfltu)
    _dfltu                                   0x000096c1   Thumb Code    38  dflt_clz.o(x$fpl$dfltu)
    __aeabi_cdcmple                          0x000096e9   Thumb Code     0  dleqf.o(x$fpl$dleqf)
    _dcmple                                  0x000096e9   Thumb Code   120  dleqf.o(x$fpl$dleqf)
    __fpl_dcmple_InfNaN                      0x0000974b   Thumb Code     0  dleqf.o(x$fpl$dleqf)
    __aeabi_dmul                             0x00009761   Thumb Code     0  dmul.o(x$fpl$dmul)
    _dmul                                    0x00009761   Thumb Code   332  dmul.o(x$fpl$dmul)
    __fpl_dnaninf                            0x000098b5   Thumb Code   156  dnaninf.o(x$fpl$dnaninf)
    __fpl_dretinf                            0x00009951   Thumb Code    12  dretinf.o(x$fpl$dretinf)
    __aeabi_cdrcmple                         0x0000995d   Thumb Code     0  drleqf.o(x$fpl$drleqf)
    _drcmple                                 0x0000995d   Thumb Code   108  drleqf.o(x$fpl$drleqf)
    _drnd                                    0x000099c9   Thumb Code   180  drnd.o(x$fpl$drnd)
    __aeabi_drsub                            0x00009a7d   Thumb Code     0  daddsub_clz.o(x$fpl$drsb)
    _drsb                                    0x00009a7d   Thumb Code    22  daddsub_clz.o(x$fpl$drsb)
    __aeabi_dsub                             0x00009a95   Thumb Code     0  daddsub_clz.o(x$fpl$dsub)
    _dsub                                    0x00009a95   Thumb Code   464  daddsub_clz.o(x$fpl$dsub)
    __aeabi_f2d                              0x00009c69   Thumb Code     0  f2d.o(x$fpl$f2d)
    _f2d                                     0x00009c69   Thumb Code    86  f2d.o(x$fpl$f2d)
    __aeabi_fdiv                             0x00009cc1   Thumb Code     0  fdiv.o(x$fpl$fdiv)
    _fdiv                                    0x00009cc1   Thumb Code   384  fdiv.o(x$fpl$fdiv)
    __aeabi_i2f                              0x00009e45   Thumb Code     0  fflt_clz.o(x$fpl$fflt)
    _fflt                                    0x00009e45   Thumb Code    48  fflt_clz.o(x$fpl$fflt)
    __aeabi_fmul                             0x00009e75   Thumb Code     0  fmul.o(x$fpl$fmul)
    _fmul                                    0x00009e75   Thumb Code   258  fmul.o(x$fpl$fmul)
    __fpl_fnaninf                            0x00009f77   Thumb Code   140  fnaninf.o(x$fpl$fnaninf)
    __fpl_fretinf                            0x0000a003   Thumb Code    10  fretinf.o(x$fpl$fretinf)
    __I$use$fp                               0x0000a00c   Number         0  usenofp.o(x$fpl$usenofp)
    frame1                                   0x0000a5fc   Data       46800  tamagotchi_animations.o(.constdata)
    frame2                                   0x00015ccc   Data       46800  tamagotchi_animations.o(.constdata)
    snack                                    0x0002139c   Data         680  tamagotchi_animations.o(.constdata)
    meal                                     0x00021644   Data         800  tamagotchi_animations.o(.constdata)
    Region$$Table$$Base                      0x00021978   Number         0  anon$$obj.o(Region$$Table)
    Region$$Table$$Limit                     0x000219a8   Number         0  anon$$obj.o(Region$$Table)
    color_matrix_left                        0x10000000   Data        2016  tamagotchi_animations.o(.data)
    SystemFrequency                          0x2007c000   Data           4  system_lpc17xx.o(.data)
    display                                  0x2007c008   Data           4  touchpanel.o(.data)
    DisplaySample                            0x2007c00c   Data          12  touchpanel.o(.data)
    matrix                                   0x2007c138   Data          56  touchpanel.o(.bss)
    ScreenSample                             0x2007c170   Data          12  touchpanel.o(.bss)
    __libspace_start                         0x2007c17c   Data          96  libspace.o(.bss)
    __temporary_stack_top$libspace           0x2007c1dc   Data           0  libspace.o(.bss)



==============================================================================

Memory Map of the image

  Image Entry point : 0x000000cd

  Load Region LR_IROM1 (Base: 0x00000000, Size: 0x000221a4, Max: 0x00080000, ABSOLUTE, COMPRESSED[0x00021a98])

    Execution Region ER_IROM1 (Exec base: 0x00000000, Load base: 0x00000000, Size: 0x000219a8, Max: 0x00080000, ABSOLUTE)

    Exec Addr    Load Addr    Size         Type   Attr      Idx    E Section Name        Object

    0x00000000   0x00000000   0x000000cc   Data   RO            3    RESET               startup_lpc17xx.o
    0x000000cc   0x000000cc   0x00000008   Code   RO          512  * !!!main             c_w.l(__main.o)
    0x000000d4   0x000000d4   0x00000034   Code   RO          743    !!!scatter          c_w.l(__scatter.o)
    0x00000108   0x00000108   0x00000064   Code   RO          741    !!dclz77c           c_w.l(__dclz77c.o)
    0x0000016c   0x0000016c   0x0000001a   Code   RO          745    !!handler_copy      c_w.l(__scatter_copy.o)
    0x00000186   0x00000186   0x00000002   PAD
    0x00000188   0x00000188   0x0000001c   Code   RO          747    !!handler_zi        c_w.l(__scatter_zi.o)
    0x000001a4   0x000001a4   0x00000000   Code   RO          503    .ARM.Collect$$_printf_percent$$00000000  c_w.l(_printf_percent.o)
    0x000001a4   0x000001a4   0x00000006   Code   RO          502    .ARM.Collect$$_printf_percent$$00000009  c_w.l(_printf_d.o)
    0x000001aa   0x000001aa   0x00000004   Code   RO          565    .ARM.Collect$$_printf_percent$$00000017  c_w.l(_printf_percent_end.o)
    0x000001ae   0x000001ae   0x00000002   Code   RO          609    .ARM.Collect$$libinit$$00000000  c_w.l(libinit.o)
    0x000001b0   0x000001b0   0x00000000   Code   RO          616    .ARM.Collect$$libinit$$00000002  c_w.l(libinit2.o)
    0x000001b0   0x000001b0   0x00000000   Code   RO          618    .ARM.Collect$$libinit$$00000004  c_w.l(libinit2.o)
    0x000001b0   0x000001b0   0x00000000   Code   RO          621    .ARM.Collect$$libinit$$0000000A  c_w.l(libinit2.o)
    0x000001b0   0x000001b0   0x00000000   Code   RO          623    .ARM.Collect$$libinit$$0000000C  c_w.l(libinit2.o)
    0x000001b0   0x000001b0   0x00000000   Code   RO          625    .ARM.Collect$$libinit$$0000000E  c_w.l(libinit2.o)
    0x000001b0   0x000001b0   0x00000000   Code   RO          628    .ARM.Collect$$libinit$$00000011  c_w.l(libinit2.o)
    0x000001b0   0x000001b0   0x00000000   Code   RO          630    .ARM.Collect$$libinit$$00000013  c_w.l(libinit2.o)
    0x000001b0   0x000001b0   0x00000000   Code   RO          632    .ARM.Collect$$libinit$$00000015  c_w.l(libinit2.o)
    0x000001b0   0x000001b0   0x00000000   Code   RO          634    .ARM.Collect$$libinit$$00000017  c_w.l(libinit2.o)
    0x000001b0   0x000001b0   0x00000000   Code   RO          636    .ARM.Collect$$libinit$$00000019  c_w.l(libinit2.o)
    0x000001b0   0x000001b0   0x00000000   Code   RO          638    .ARM.Collect$$libinit$$0000001B  c_w.l(libinit2.o)
    0x000001b0   0x000001b0   0x00000000   Code   RO          640    .ARM.Collect$$libinit$$0000001D  c_w.l(libinit2.o)
    0x000001b0   0x000001b0   0x00000000   Code   RO          642    .ARM.Collect$$libinit$$0000001F  c_w.l(libinit2.o)
    0x000001b0   0x000001b0   0x00000000   Code   RO          644    .ARM.Collect$$libinit$$00000021  c_w.l(libinit2.o)
    0x000001b0   0x000001b0   0x00000000   Code   RO          646    .ARM.Collect$$libinit$$00000023  c_w.l(libinit2.o)
    0x000001b0   0x000001b0   0x00000000   Code   RO          648    .ARM.Collect$$libinit$$00000025  c_w.l(libinit2.o)
    0x000001b0   0x000001b0   0x00000000   Code   RO          652    .ARM.Collect$$libinit$$0000002C  c_w.l(libinit2.o)
    0x000001b0   0x000001b0   0x00000000   Code   RO          654    .ARM.Collect$$libinit$$0000002E  c_w.l(libinit2.o)
    0x000001b0   0x000001b0   0x00000000   Code   RO          656    .ARM.Collect$$libinit$$00000030  c_w.l(libinit2.o)
    0x000001b0   0x000001b0   0x00000000   Code   RO          658    .ARM.Collect$$libinit$$00000032  c_w.l(libinit2.o)
    0x000001b0   0x000001b0   0x00000002   Code   RO          659    .ARM.Collect$$libinit$$00000033  c_w.l(libinit2.o)
    0x000001b2   0x000001b2   0x00000002   Code   RO          679    .ARM.Collect$$libshutdown$$00000000  c_w.l(libshutdown.o)
    0x000001b4   0x000001b4   0x00000000   Code   RO          692    .ARM.Collect$$libshutdown$$00000002  c_w.l(libshutdown2.o)
    0x000001b4   0x000001b4   0x00000000   Code   RO          694    .ARM.Collect$$libshutdown$$00000004  c_w.l(libshutdown2.o)
    0x000001b4   0x000001b4   0x00000000   Code   RO          696    .ARM.Collect$$libshutdown$$00000006  c_w.l(libshutdown2.o)
    0x000001b4   0x000001b4   0x00000000   Code   RO          699    .ARM.Collect$$libshutdown$$00000009  c_w.l(libshutdown2.o)
    0x000001b4   0x000001b4   0x00000000   Code   RO          702    .ARM.Collect$$libshutdown$$0000000C  c_w.l(libshutdown2.o)
    0x000001b4   0x000001b4   0x00000000   Code   RO          704    .ARM.Collect$$libshutdown$$0000000E  c_w.l(libshutdown2.o)
    0x000001b4   0x000001b4   0x00000000   Code   RO          707    .ARM.Collect$$libshutdown$$00000011  c_w.l(libshutdown2.o)
    0x000001b4   0x000001b4   0x00000002   Code   RO          708    .ARM.Collect$$libshutdown$$00000012  c_w.l(libshutdown2.o)
    0x000001b6   0x000001b6   0x00000000   Code   RO          558    .ARM.Collect$$rtentry$$00000000  c_w.l(__rtentry.o)
    0x000001b6   0x000001b6   0x00000000   Code   RO          584    .ARM.Collect$$rtentry$$00000002  c_w.l(__rtentry2.o)
    0x000001b6   0x000001b6   0x00000006   Code   RO          596    .ARM.Collect$$rtentry$$00000004  c_w.l(__rtentry4.o)
    0x000001bc   0x000001bc   0x00000000   Code   RO          586    .ARM.Collect$$rtentry$$00000009  c_w.l(__rtentry2.o)
    0x000001bc   0x000001bc   0x00000004   Code   RO          587    .ARM.Collect$$rtentry$$0000000A  c_w.l(__rtentry2.o)
    0x000001c0   0x000001c0   0x00000000   Code   RO          589    .ARM.Collect$$rtentry$$0000000C  c_w.l(__rtentry2.o)
    0x000001c0   0x000001c0   0x00000008   Code   RO          590    .ARM.Collect$$rtentry$$0000000D  c_w.l(__rtentry2.o)
    0x000001c8   0x000001c8   0x00000002   Code   RO          613    .ARM.Collect$$rtexit$$00000000  c_w.l(rtexit.o)
    0x000001ca   0x000001ca   0x00000000   Code   RO          661    .ARM.Collect$$rtexit$$00000002  c_w.l(rtexit2.o)
    0x000001ca   0x000001ca   0x00000004   Code   RO          662    .ARM.Collect$$rtexit$$00000003  c_w.l(rtexit2.o)
    0x000001ce   0x000001ce   0x00000006   Code   RO          663    .ARM.Collect$$rtexit$$00000004  c_w.l(rtexit2.o)
    0x000001d4   0x000001d4   0x00000034   Code   RO            5    .text               startup_lpc17xx.o
    0x00000208   0x00000208   0x00000024   Code   RO          144    .text               irq_timer.o
    0x0000022c   0x0000022c   0x00000020   Code   RO          236    .text               asciilib.o
    0x0000024c   0x0000024c   0x00000018   Code   RO          418    .text               irq_rit.o
    0x00000264   0x00000264   0x00000028   Code   RO          474    .text               c_w.l(noretval__2sprintf.o)
    0x0000028c   0x0000028c   0x0000004e   Code   RO          478    .text               c_w.l(_printf_pad.o)
    0x000002da   0x000002da   0x00000006   Code   RO          510    .text               c_w.l(heapauxi.o)
    0x000002e0   0x000002e0   0x0000000a   Code   RO          563    .text               c_w.l(_sputc.o)
    0x000002ea   0x000002ea   0x00000012   Code   RO          602    .text               c_w.l(exit.o)
    0x000002fc   0x000002fc   0x00000004   Code   RO            4    .ARM.__at_0x02FC    startup_lpc17xx.o
    0x00000300   0x00000300   0x000001bc   Code   RO           16    .text               sample.o
    0x000004bc   0x000004bc   0x0000022c   Code   RO          117    .text               system_lpc17xx.o
    0x000006e8   0x000006e8   0x000000e0   Code   RO          208    .text               lib_timer.o
    0x000007c8   0x000007c8   0x00006d9c   Code   RO          259    .text               glcd.o
    0x00007564   0x00007564   0x00000980   Code   RO          305    .text               touchpanel.o
    0x00007ee4   0x00007ee4   0x0000082c   Code   RO          339    .text               tamagotchi.o
    0x00008710   0x00008710   0x00000130   Code   RO          363    .text               user_events.o
    0x00008840   0x00008840   0x00000374   Code   RO          387    .text               tamagotchi_animations.o
    0x00008bb4   0x00008bb4   0x000000c0   Code   RO          445    .text               lib_rit.o
    0x00008c74   0x00008c74   0x00000078   Code   RO          480    .text               c_w.l(_printf_dec.o)
    0x00008cec   0x00008cec   0x00000138   Code   RO          494    .text               c_w.l(__printf_flags_wp.o)
    0x00008e24   0x00008e24   0x0000008a   Code   RO          504    .text               c_w.l(rt_memcpy_v6.o)
    0x00008eae   0x00008eae   0x00000064   Code   RO          506    .text               c_w.l(rt_memcpy_w.o)
    0x00008f12   0x00008f12   0x0000004e   Code   RO          508    .text               c_w.l(rt_memclr_w.o)
    0x00008f60   0x00008f60   0x000000b2   Code   RO          559    .text               c_w.l(_printf_intcommon.o)
    0x00009012   0x00009012   0x00000002   PAD
    0x00009014   0x00009014   0x00000030   Code   RO          561    .text               c_w.l(_printf_char_common.o)
    0x00009044   0x00009044   0x0000004a   Code   RO          600    .text               c_w.l(sys_stackheap_outer.o)
    0x0000908e   0x0000908e   0x00000002   PAD
    0x00009090   0x00009090   0x00000008   Code   RO          610    .text               c_w.l(libspace.o)
    0x00009098   0x00009098   0x0000000c   Code   RO          671    .text               c_w.l(sys_exit.o)
    0x000090a4   0x000090a4   0x00000002   Code   RO          682    .text               c_w.l(use_no_semi.o)
    0x000090a6   0x000090a6   0x00000000   Code   RO          684    .text               c_w.l(indicate_semi.o)
    0x000090a6   0x000090a6   0x0000000e   Code   RO          492    i._is_digit         c_w.l(__printf_wp.o)
    0x000090b4   0x000090b4   0x00000094   Code   RO          556    i.round             m_ws.l(round.o)
    0x00009148   0x00009148   0x00000150   Code   RO          514    x$fpl$dadd          fz_ws.l(daddsub_clz.o)
    0x00009298   0x00009298   0x00000018   Code   RO          566    x$fpl$dcmpinf       fz_ws.l(dcmpi.o)
    0x000092b0   0x000092b0   0x000002b0   Code   RO          521    x$fpl$ddiv          fz_ws.l(ddiv.o)
    0x00009560   0x00009560   0x00000078   Code   RO          524    x$fpl$deqf          fz_ws.l(deqf.o)
    0x000095d8   0x000095d8   0x0000005e   Code   RO          526    x$fpl$dfix          fz_ws.l(dfix.o)
    0x00009636   0x00009636   0x00000002   PAD
    0x00009638   0x00009638   0x0000005a   Code   RO          530    x$fpl$dfixu         fz_ws.l(dfixu.o)
    0x00009692   0x00009692   0x0000002e   Code   RO          535    x$fpl$dflt          fz_ws.l(dflt_clz.o)
    0x000096c0   0x000096c0   0x00000026   Code   RO          534    x$fpl$dfltu         fz_ws.l(dflt_clz.o)
    0x000096e6   0x000096e6   0x00000002   PAD
    0x000096e8   0x000096e8   0x00000078   Code   RO          568    x$fpl$dleqf         fz_ws.l(dleqf.o)
    0x00009760   0x00009760   0x00000154   Code   RO          540    x$fpl$dmul          fz_ws.l(dmul.o)
    0x000098b4   0x000098b4   0x0000009c   Code   RO          570    x$fpl$dnaninf       fz_ws.l(dnaninf.o)
    0x00009950   0x00009950   0x0000000c   Code   RO          572    x$fpl$dretinf       fz_ws.l(dretinf.o)
    0x0000995c   0x0000995c   0x0000006c   Code   RO          574    x$fpl$drleqf        fz_ws.l(drleqf.o)
    0x000099c8   0x000099c8   0x000000b4   Code   RO          576    x$fpl$drnd          fz_ws.l(drnd.o)
    0x00009a7c   0x00009a7c   0x00000016   Code   RO          515    x$fpl$drsb          fz_ws.l(daddsub_clz.o)
    0x00009a92   0x00009a92   0x00000002   PAD
    0x00009a94   0x00009a94   0x000001d4   Code   RO          516    x$fpl$dsub          fz_ws.l(daddsub_clz.o)
    0x00009c68   0x00009c68   0x00000056   Code   RO          542    x$fpl$f2d           fz_ws.l(f2d.o)
    0x00009cbe   0x00009cbe   0x00000002   PAD
    0x00009cc0   0x00009cc0   0x00000184   Code   RO          545    x$fpl$fdiv          fz_ws.l(fdiv.o)
    0x00009e44   0x00009e44   0x00000030   Code   RO          549    x$fpl$fflt          fz_ws.l(fflt_clz.o)
    0x00009e74   0x00009e74   0x00000102   Code   RO          554    x$fpl$fmul          fz_ws.l(fmul.o)
    0x00009f76   0x00009f76   0x0000008c   Code   RO          578    x$fpl$fnaninf       fz_ws.l(fnaninf.o)
    0x0000a002   0x0000a002   0x0000000a   Code   RO          580    x$fpl$fretinf       fz_ws.l(fretinf.o)
    0x0000a00c   0x0000a00c   0x00000000   Code   RO          582    x$fpl$usenofp       fz_ws.l(usenofp.o)
    0x0000a00c   0x0000a00c   0x000005f0   Data   RO          237    .constdata          asciilib.o
    0x0000a5fc   0x0000a5fc   0x00017368   Data   RO          388    .constdata          tamagotchi_animations.o
    0x00021964   0x00021964   0x00000011   Data   RO          495    .constdata          c_w.l(__printf_flags_wp.o)
    0x00021975   0x00021975   0x00000003   PAD
    0x00021978   0x00021978   0x00000030   Data   RO          739    Region$$Table       anon$$obj.o


    Execution Region RW_IRAM1 (Exec base: 0x10000000, Load base: 0x000219a8, Size: 0x000007e0, Max: 0x00008000, ABSOLUTE, COMPRESSED[0x000000d4])

    Exec Addr    Load Addr    Size         Type   Attr      Idx    E Section Name        Object

    0x10000000   COMPRESSED   0x000007e0   Data   RW          389    .data               tamagotchi_animations.o


    Execution Region RW_IRAM2 (Exec base: 0x2007c000, Load base: 0x00021a7c, Size: 0x000003e0, Max: 0x00008000, ABSOLUTE)

    Exec Addr    Load Addr    Size         Type   Attr      Idx    E Section Name        Object

    0x2007c000   0x00021a7c   0x00000004   Data   RW          118    .data               system_lpc17xx.o
    0x2007c004   0x00021a80   0x00000004   Data   RW          260    .data               glcd.o
    0x2007c008   0x00021a84   0x00000014   Data   RW          307    .data               touchpanel.o
    0x2007c01c        -       0x0000011c   Zero   RW           17    .bss                sample.o
    0x2007c138        -       0x00000044   Zero   RW          306    .bss                touchpanel.o
    0x2007c17c        -       0x00000060   Zero   RW          611    .bss                c_w.l(libspace.o)
    0x2007c1dc   0x00021a98   0x00000004   PAD
    0x2007c1e0        -       0x00000000   Zero   RW            2    HEAP                startup_lpc17xx.o
    0x2007c1e0        -       0x00000200   Zero   RW            1    STACK               startup_lpc17xx.o


==============================================================================

Image component sizes


      Code (inc. data)   RO Data    RW Data    ZI Data      Debug   Object Name

        32          6       1520          0          0       1331   asciilib.o
     28060        164          0          4          0      69062   glcd.o
        24          4          0          0          0        533   irq_rit.o
        36          6          0          0          0      17622   irq_timer.o
       192         22          0          0          0      27743   lib_rit.o
       224         12          0          0          0       1704   lib_timer.o
       444         28          0          0        284      11335   sample.o
        56         22        204          0        512       1208   startup_lpc17xx.o
       556         28          0          4          0       1019   system_lpc17xx.o
      2092        178          0          0          0       5721   tamagotchi.o
       884         16      95080       2016          0       7018   tamagotchi_animations.o
      2432         72          0         20         68       6594   touchpanel.o
       304         14          0          0          0       1932   user_events.o

    ----------------------------------------------------------------------
     35336        572      96852       2044        864     152822   Object Totals
         0          0         48          0          0          0   (incl. Generated)
         0          0          0          0          0          0   (incl. Padding)

    ----------------------------------------------------------------------

      Code (inc. data)   RO Data    RW Data    ZI Data      Debug   Library Member Name

       100          0          0          0          0          0   __dclz77c.o
         8          0          0          0          0         68   __main.o
       312          4         17          0          0         92   __printf_flags_wp.o
        14          0          0          0          0         68   __printf_wp.o
         0          0          0          0          0          0   __rtentry.o
        12          0          0          0          0          0   __rtentry2.o
         6          0          0          0          0          0   __rtentry4.o
        52          8          0          0          0          0   __scatter.o
        26          0          0          0          0          0   __scatter_copy.o
        28          0          0          0          0          0   __scatter_zi.o
        48          6          0          0          0         96   _printf_char_common.o
         6          0          0          0          0          0   _printf_d.o
       120         16          0          0          0         92   _printf_dec.o
       178          0          0          0          0         88   _printf_intcommon.o
        78          0          0          0          0        108   _printf_pad.o
         0          0          0          0          0          0   _printf_percent.o
         4          0          0          0          0          0   _printf_percent_end.o
        10          0          0          0          0         68   _sputc.o
        18          0          0          0          0         80   exit.o
         6          0          0          0          0        152   heapauxi.o
         0          0          0          0          0          0   indicate_semi.o
         2          0          0          0          0          0   libinit.o
         2          0          0          0          0          0   libinit2.o
         2          0          0          0          0          0   libshutdown.o
         2          0          0          0          0          0   libshutdown2.o
         8          4          0          0         96         68   libspace.o
        40          6          0          0          0         84   noretval__2sprintf.o
        78          0          0          0          0         80   rt_memclr_w.o
       138          0          0          0          0         68   rt_memcpy_v6.o
       100          0          0          0          0         80   rt_memcpy_w.o
         2          0          0          0          0          0   rtexit.o
        10          0          0          0          0          0   rtexit2.o
        12          4          0          0          0         68   sys_exit.o
        74          0          0          0          0         80   sys_stackheap_outer.o
         2          0          0          0          0         68   use_no_semi.o
       826         16          0          0          0        348   daddsub_clz.o
        24          0          0          0          0         68   dcmpi.o
       688        140          0          0          0        208   ddiv.o
       120          4          0          0          0         92   deqf.o
        94          4          0          0          0         92   dfix.o
        90          4          0          0          0         92   dfixu.o
        84          0          0          0          0        136   dflt_clz.o
       120          4          0          0          0         92   dleqf.o
       340         12          0          0          0        104   dmul.o
       156          4          0          0          0         92   dnaninf.o
        12          0          0          0          0         68   dretinf.o
       108          0          0          0          0         80   drleqf.o
       180          4          0          0          0         80   drnd.o
        86          4          0          0          0         84   f2d.o
       388         76          0          0          0         96   fdiv.o
        48          0          0          0          0         68   fflt_clz.o
       258          4          0          0          0         84   fmul.o
       140          4          0          0          0         84   fnaninf.o
        10          0          0          0          0         68   fretinf.o
         0          0          0          0          0          0   usenofp.o
       148         12          0          0          0         88   round.o

    ----------------------------------------------------------------------
      5432        340         20          0        100       3632   Library Totals
        14          0          3          0          4          0   (incl. Padding)

    ----------------------------------------------------------------------

      Code (inc. data)   RO Data    RW Data    ZI Data      Debug   Library Name

      1498         48         17          0         96       1508   c_w.l
      3772        280          0          0          0       2036   fz_ws.l
       148         12          0          0          0         88   m_ws.l

    ----------------------------------------------------------------------
      5432        340         20          0        100       3632   Library Totals

    ----------------------------------------------------------------------

==============================================================================


      Code (inc. data)   RO Data    RW Data    ZI Data      Debug   

     40768        912      96872       2044        964     153866   Grand Totals
     40768        912      96872        240        964     153866   ELF Image Totals (compressed)
     40768        912      96872        240          0          0   ROM Totals

==============================================================================

    Total RO  Size (Code + RO Data)               137640 ( 134.41kB)
    Total RW  Size (RW Data + ZI Data)              3008 (   2.94kB)
    Total ROM Size (Code + RO Data + RW Data)     137880 ( 134.65kB)

==============================================================================

