<html>
<body>
<pre>
<h1>µVision Build Log</h1>
<h2>Tool Versions:</h2>
IDE-Version: µVision V5.37.0.0
Copyright (C) 2022 ARM Ltd and ARM Germany GmbH. All rights reserved.
License Information: Gianluca Graziadei PoliTo Flex license: MDK Professional 5.37 (Flex) (mdk_pro) Operation stops: 10 Mar 2024
 
Tool Versions:
Toolchain:       MDK Professional 5.37 (Flex)  Version: 5.37.0.0
Toolchain Path:  C:\Keil_v5\ARM\ARMCLANG5\Bin
C Compiler:      Armcc.exe V5.06 update 7 (build 960)
Assembler:       Armasm.exe V5.06 update 7 (build 960)
Linker/Locator:  ArmLink.exe V5.06 update 7 (build 960)
Library Manager: ArmAr.exe V5.06 update 7 (build 960)
Hex Converter:   FromElf.exe V5.06 update 7 (build 960)
CPU DLL:         SARMCM3.DLL V5.37.0.0
Dialog DLL:      DARMP1.DLL V1.28.1.0
Target DLL:      UL2CM3.DLL V1.164.7.0
Dialog DLL:      TARMP1.DLL V1.27.1.0
 
<h2>Project:</h2>
C:\Users\Gianluca Graziadei\Dropbox (Politecnico Di Torino Studenti)\2022-2023\Architetture dei sistemi di elaborazione\laboratori\extra_point_1\extra_point_1\sample.uvprojx
Project File Date:  01/06/2023

<h2>Output:</h2>
*** Using Compiler 'V5.06 update 7 (build 960)', folder: 'C:\Keil_v5\ARM\ARMCLANG5\Bin'
Rebuild target 'Target 1'
assembling startup_LPC17xx.s...
compiling IRQ_RIT.c...
compiling IRQ_timer.c...
compiling sample.c...
compiling tamagotchi_animations.c...
compiling system_LPC17xx.c...
compiling AsciiLib.c...
compiling core_cm3.c...
compiling lib_timer.c...
compiling user_events.c...
compiling lib_RIT.c...
compiling tamagotchi.c...
tamagotchi.c(115): warning:  #188-D: enumerated type mixed with another type
  	animation_map next_animation = ( ( (int) session->animation.animation_version + 1 ) % number_of_animations ) ;
tamagotchi.c(246): warning:  #188-D: enumerated type mixed with another type
  	animation_map next_animation = ( ( (int) session->animation.animation_version + 1 ) % number_of_animations ) ;
tamagotchi.c: 2 warnings, 0 errors
compiling TouchPanel.c...
compiling HzLib.c...
compiling GLCD.c...
linking...
Program Size: Code=40768 RO-data=96872 RW-data=2044 ZI-data=964  
".\sample.axf" - 0 Error(s), 2 Warning(s).

<h2>Software Packages used:</h2>

Package Vendor: ARM
                http://www.keil.com/pack/ARM.CMSIS.5.9.0.pack
                ARM.CMSIS.5.9.0
                CMSIS (Common Microcontroller Software Interface Standard)
   * Component: CORE Version: 5.6.0

Package Vendor: Keil
                http://www.keil.com/pack/Keil.LPC1700_DFP.2.7.1.pack
                Keil.LPC1700_DFP.2.7.1
                NXP LPC1700 Series Device Support, Drivers and Examples for MCB1700 and LPC1788-32

<h2>Collection of Component include folders:</h2>
  ./RTE/_Target_1
  C:/Users/Gianluca Graziadei/AppData/Local/Arm/Packs/ARM/CMSIS/5.9.0/CMSIS/Core/Include
  C:/Users/Gianluca Graziadei/AppData/Local/Arm/Packs/Keil/LPC1700_DFP/2.7.1/Device/Include

<h2>Collection of Component Files used:</h2>

   * Component: ARM::CMSIS:CORE:5.6.0
Build Time Elapsed:  00:00:02
</pre>
</body>
</html>
