Component: ARM Compiler 5.06 update 7 (build 960) Tool: armlink [4d3601]

==============================================================================

Section Cross References

    startup.o(RESET) refers to startup.o(STACK) for __initial_sp
    startup.o(RESET) refers to startup.o(.text) for Reset_Handler
    startup.o(.text) refers to startup.o(inputData) for Num_ingredients
    startup.o(.text) refers to startup.o(outputData) for Calories_ordered


==============================================================================

Removing Unused input sections from the image.

    Removing startup.o(HEAP), (512 bytes).

1 unused section(s) (total 512 bytes) removed from the image.

==============================================================================

Image Symbol Table

    Local Symbols

    Symbol Name                              Value     Ov Type        Size  Object(Section)

    RESET                                    0x00000000   Section      204  startup.o(RESET)
    startup.s                                0x00000000   Number         0  startup.o ABSOLUTE
    .text                                    0x000000cc   Section      268  startup.o(.text)
    inputData                                0x000001e0   Section       97  startup.o(inputData)
    Ingredient_calories                      0x000001e0   Data          40  startup.o(inputData)
    Ingredient_quantity                      0x00000210   Data          36  startup.o(inputData)
    Num_ingredients                          0x00000240   Data           1  startup.o(inputData)
    .ARM.__at_0x02FC                         0x000002fc   Section        4  startup.o(.ARM.__at_0x02FC)
    outputData                               0x10000000   Section       96  startup.o(outputData)
    Calories_tmp                             0x10000000   Data          24  startup.o(outputData)
    Calories_ordered                         0x10000018   Data          24  startup.o(outputData)
    Quantity_tmp                             0x10000030   Data          24  startup.o(outputData)
    Quantity_ordered                         0x10000048   Data          24  startup.o(outputData)
    STACK                                    0x10000060   Section      512  startup.o(STACK)

    Global Symbols

    Symbol Name                              Value     Ov Type        Size  Object(Section)

    BuildAttributes$$THM_ISAv4$P$D$K$B$S$PE$A:L22UL41UL21$X:L11$S22US41US21$IEEE1$IW$USESV6$~STKCKD$USESV7$~SHL$OSPACE$EBA8$STANDARDLIB$PRES8$EABIv2 0x00000000   Number         0  anon$$obj.o ABSOLUTE
    __Vectors                                0x00000000   Data           4  startup.o(RESET)
    Reset_Handler                            0x000000cd   Thumb Code   218  startup.o(.text)
    NMI_Handler                              0x000001a7   Thumb Code     2  startup.o(.text)
    HardFault_Handler                        0x000001a9   Thumb Code     6  startup.o(.text)
    MemManage_Handler                        0x000001af   Thumb Code     2  startup.o(.text)
    BusFault_Handler                         0x000001b1   Thumb Code     2  startup.o(.text)
    UsageFault_Handler                       0x000001b3   Thumb Code     2  startup.o(.text)
    SVC_Handler                              0x000001b5   Thumb Code     2  startup.o(.text)
    DebugMon_Handler                         0x000001b7   Thumb Code     2  startup.o(.text)
    PendSV_Handler                           0x000001b9   Thumb Code     2  startup.o(.text)
    SysTick_Handler                          0x000001bb   Thumb Code     2  startup.o(.text)
    ADC_IRQHandler                           0x000001bd   Thumb Code     0  startup.o(.text)
    BOD_IRQHandler                           0x000001bd   Thumb Code     0  startup.o(.text)
    CANActivity_IRQHandler                   0x000001bd   Thumb Code     0  startup.o(.text)
    CAN_IRQHandler                           0x000001bd   Thumb Code     0  startup.o(.text)
    DMA_IRQHandler                           0x000001bd   Thumb Code     0  startup.o(.text)
    EINT0_IRQHandler                         0x000001bd   Thumb Code     0  startup.o(.text)
    EINT1_IRQHandler                         0x000001bd   Thumb Code     0  startup.o(.text)
    EINT2_IRQHandler                         0x000001bd   Thumb Code     0  startup.o(.text)
    EINT3_IRQHandler                         0x000001bd   Thumb Code     0  startup.o(.text)
    ENET_IRQHandler                          0x000001bd   Thumb Code     0  startup.o(.text)
    I2C0_IRQHandler                          0x000001bd   Thumb Code     0  startup.o(.text)
    I2C1_IRQHandler                          0x000001bd   Thumb Code     0  startup.o(.text)
    I2C2_IRQHandler                          0x000001bd   Thumb Code     0  startup.o(.text)
    I2S_IRQHandler                           0x000001bd   Thumb Code     0  startup.o(.text)
    MCPWM_IRQHandler                         0x000001bd   Thumb Code     0  startup.o(.text)
    PLL0_IRQHandler                          0x000001bd   Thumb Code     0  startup.o(.text)
    PLL1_IRQHandler                          0x000001bd   Thumb Code     0  startup.o(.text)
    PWM1_IRQHandler                          0x000001bd   Thumb Code     0  startup.o(.text)
    QEI_IRQHandler                           0x000001bd   Thumb Code     0  startup.o(.text)
    RIT_IRQHandler                           0x000001bd   Thumb Code     0  startup.o(.text)
    RTC_IRQHandler                           0x000001bd   Thumb Code     0  startup.o(.text)
    SPI_IRQHandler                           0x000001bd   Thumb Code     0  startup.o(.text)
    SSP0_IRQHandler                          0x000001bd   Thumb Code     0  startup.o(.text)
    SSP1_IRQHandler                          0x000001bd   Thumb Code     0  startup.o(.text)
    TIMER0_IRQHandler                        0x000001bd   Thumb Code     0  startup.o(.text)
    TIMER1_IRQHandler                        0x000001bd   Thumb Code     0  startup.o(.text)
    TIMER2_IRQHandler                        0x000001bd   Thumb Code     0  startup.o(.text)
    TIMER3_IRQHandler                        0x000001bd   Thumb Code     0  startup.o(.text)
    UART0_IRQHandler                         0x000001bd   Thumb Code     0  startup.o(.text)
    UART1_IRQHandler                         0x000001bd   Thumb Code     0  startup.o(.text)
    UART2_IRQHandler                         0x000001bd   Thumb Code     0  startup.o(.text)
    UART3_IRQHandler                         0x000001bd   Thumb Code     0  startup.o(.text)
    USBActivity_IRQHandler                   0x000001bd   Thumb Code     0  startup.o(.text)
    USB_IRQHandler                           0x000001bd   Thumb Code     0  startup.o(.text)
    WDT_IRQHandler                           0x000001bd   Thumb Code     0  startup.o(.text)
    __initial_sp                             0x10000260   Data           0  startup.o(STACK)



==============================================================================

Memory Map of the image

  Image Entry point : 0x000000cd

  Load Region LR_1 (Base: 0x00000000, Size: 0x00000360, Max: 0xffffffff, ABSOLUTE)

    Execution Region ER_RO (Exec base: 0x00000000, Load base: 0x00000000, Size: 0x00000300, Max: 0xffffffff, ABSOLUTE)

    Exec Addr    Load Addr    Size         Type   Attr      Idx    E Section Name        Object

    0x00000000   0x00000000   0x000000cc   Data   RO            3    RESET               startup.o
    0x000000cc   0x000000cc   0x0000010c   Code   RO            7  * .text               startup.o
    0x000001d8   0x000001d8   0x00000008   PAD
    0x000001e0   0x000001e0   0x00000061   Data   RO            5    inputData           startup.o
    0x00000241   0x00000241   0x000000bb   PAD
    0x000002fc   0x000002fc   0x00000004   Code   RO            4    .ARM.__at_0x02FC    startup.o


    Execution Region ER_RW (Exec base: 0x10000000, Load base: 0x00000300, Size: 0x00000060, Max: 0xffffffff, ABSOLUTE)

    Exec Addr    Load Addr    Size         Type   Attr      Idx    E Section Name        Object

    0x10000000   0x00000300   0x00000060   Data   RW            6    outputData          startup.o


    Execution Region ER_ZI (Exec base: 0x10000060, Load base: 0x00000360, Size: 0x00000200, Max: 0xffffffff, ABSOLUTE)

    Exec Addr    Load Addr    Size         Type   Attr      Idx    E Section Name        Object

    0x10000060        -       0x00000200   Zero   RW            1    STACK               startup.o


==============================================================================

Image component sizes


      Code (inc. data)   RO Data    RW Data    ZI Data      Debug   Object Name

       272         30        301         96        512       1224   startup.o

    ----------------------------------------------------------------------
       280         38        488         96        512       1224   Object Totals
         0          0          0          0          0          0   (incl. Generated)
         8          8        187          0          0          0   (incl. Padding)

    ----------------------------------------------------------------------
         0          0          0          0          0          0   Library Totals
         0          0          0          0          0          0   (incl. Padding)

    ----------------------------------------------------------------------

==============================================================================


      Code (inc. data)   RO Data    RW Data    ZI Data      Debug   

       280         38        488         96        512       1224   Grand Totals
       280         38        488         96        512       1224   ELF Image Totals
       280         38        488         96          0          0   ROM Totals

==============================================================================

    Total RO  Size (Code + RO Data)                  768 (   0.75kB)
    Total RW  Size (RW Data + ZI Data)               608 (   0.59kB)
    Total ROM Size (Code + RO Data + RW Data)        864 (   0.84kB)

==============================================================================

